1786823216.735 2220.651 OK hwmon10 mv=12184,12176,12184,12176,12176,12184 ma=440,460,440,420,500,460
1786823216.836 2220.751 OK hwmon10 mv=12184,12176,12184,12176,12176,12184 ma=440,460,440,420,500,460
1786823216.936 2220.852 OK hwmon10 mv=12184,12176,12184,12176,12176,12184 ma=440,460,440,420,500,460
1786823217.044 2220.960 OK hwmon10 mv=12184,12176,12184,12176,12176,12184 ma=440,460,440,420,500,460
1786823217.144 2221.060 OK hwmon10 mv=12184,12176,12184,12176,12176,12184 ma=440,460,440,420,500,460
1786823217.255 2221.171 OK hwmon10 mv=12184,12176,12184,12176,12176,12184 ma=440,460,440,420,500,460
1786823217.356 2221.271 OK hwmon10 mv=12184,12176,12184,12176,12176,12184 ma=440,440,440,420,500,460
1786823217.466 2221.382 OK hwmon10 mv=12184,12176,12184,12176,12176,12184 ma=440,440,440,420,500,460
1786823217.567 2221.483 OK hwmon10 mv=12184,12176,12184,12176,12176,12184 ma=440,440,440,420,500,460
1786823217.677 2221.592 OK hwmon10 mv=12184,12176,12184,12176,12176,12184 ma=440,440,440,420,500,460
1786823217.777 2221.693 OK hwmon10 mv=12184,12176,12184,12176,12176,12184 ma=440,440,440,420,500,460
1786823217.886 2221.802 OK hwmon10 mv=12184,12176,12184,12176,12176,12184 ma=440,440,440,420,500,460
1786823217.986 2221.902 OK hwmon10 mv=12184,12176,12184,12176,12176,12184 ma=440,440,440,420,500,460
1786823218.097 2222.013 OK hwmon10 mv=12184,12176,12184,12176,12176,12184 ma=440,440,440,420,500,460
1786823218.198 2222.113 OK hwmon10 mv=12184,12176,12184,12176,12176,12184 ma=440,440,440,420,500,460
1786823218.306 2222.222 OK hwmon10 mv=12184,12176,12184,12176,12176,12184 ma=440,440,440,420,500,460
1786823218.406 2222.322 OK hwmon10 mv=12184,12176,12184,12176,12176,12184 ma=440,440,440,420,480,460
1786823218.512 2222.428 OK hwmon10 mv=12184,12176,12184,12176,12176,12184 ma=440,440,440,420,480,460
1786823218.613 2222.528 OK hwmon10 mv=12184,12176,12184,12176,12176,12184 ma=440,440,440,420,480,460
1786823218.723 2222.639 OK hwmon10 mv=12184,12176,12184,12176,12176,12184 ma=440,440,440,420,480,460
1786823218.823 2222.739 OK hwmon10 mv=12184,12176,12184,12176,12176,12184 ma=440,440,440,420,480,460
1786823218.931 2222.847 OK hwmon10 mv=12184,12176,12184,12176,12176,12184 ma=440,440,440,420,480,460
1786823219.032 2222.948 OK hwmon10 mv=12184,12176,12184,12176,12176,12184 ma=440,440,440,420,480,460
1786823219.140 2223.056 OK hwmon10 mv=12184,12176,12184,12176,12176,12184 ma=440,440,440,420,480,460
1786823219.240 2223.156 OK hwmon10 mv=12184,12176,12184,12176,12176,12184 ma=440,440,440,420,480,460
1786823219.350 2223.266 OK hwmon10 mv=12184,12176,12184,12176,12176,12184 ma=440,440,440,420,480,460
1786823219.451 2223.367 OK hwmon10 mv=12184,12176,12184,12176,12176,12184 ma=440,440,440,420,480,460
1786823219.559 2223.475 OK hwmon10 mv=12184,12176,12184,12176,12176,12184 ma=440,440,440,420,480,460
1786823219.659 2223.575 OK hwmon10 mv=12184,12176,12184,12176,12176,12184 ma=440,440,440,420,480,460
1786823219.766 2223.682 OK hwmon10 mv=12184,12176,12184,12176,12176,12184 ma=440,440,440,420,480,460
1786823219.866 2223.782 OK hwmon10 mv=12184,12176,12184,12176,12176,12184 ma=440,440,440,420,480,460
1786823219.977 2223.893 OK hwmon10 mv=12184,12176,12184,12176,12176,12184 ma=440,440,440,420,480,460
1786823220.077 2223.993 OK hwmon10 mv=12184,12176,12184,12176,12176,12184 ma=420,440,420,420,480,440
1786823220.187 2224.103 OK hwmon10 mv=12184,12176,12184,12176,12176,12184 ma=420,440,420,420,480,440
1786823220.288 2224.204 OK hwmon10 mv=12184,12176,12184,12176,12176,12184 ma=420,440,420,420,480,440
1786823220.398 2224.314 OK hwmon10 mv=12184,12176,12184,12176,12176,12184 ma=420,440,420,420,480,440
1786823220.499 2224.414 OK hwmon10 mv=12184,12176,12184,12184,12176,12184 ma=420,440,420,420,460,440
1786823220.606 2224.521 OK hwmon10 mv=12184,12176,12184,12184,12176,12184 ma=420,440,420,420,460,440
1786823220.706 2224.622 OK hwmon10 mv=12184,12176,12184,12184,12176,12184 ma=420,440,420,420,460,440
1786823220.816 2224.732 OK hwmon10 mv=12184,12176,12184,12184,12176,12184 ma=420,440,420,420,460,440
1786823220.917 2224.832 OK hwmon10 mv=12184,12176,12184,12184,12176,12184 ma=420,440,420,420,460,440
1786823221.025 2224.941 OK hwmon10 mv=12184,12176,12184,12184,12176,12184 ma=420,440,420,420,460,440
1786823221.126 2225.042 OK hwmon10 mv=12184,12176,12184,12176,12176,12184 ma=420,440,420,420,480,440
1786823221.237 2225.153 OK hwmon10 mv=12184,12176,12184,12176,12176,12184 ma=420,440,420,420,480,440
1786823221.337 2225.253 OK hwmon10 mv=12184,12176,12184,12176,12176,12184 ma=420,440,420,420,480,440
1786823221.448 2225.364 OK hwmon10 mv=12184,12176,12184,12176,12176,12184 ma=420,440,420,420,480,440
1786823221.549 2225.465 OK hwmon10 mv=12184,12176,12184,12176,12176,12184 ma=420,440,420,420,480,440
1786823221.657 2225.573 OK hwmon10 mv=12184,12176,12184,12176,12176,12184 ma=420,440,420,420,480,440
1786823221.757 2225.673 OK hwmon10 mv=12184,12176,12184,12176,12176,12184 ma=420,440,440,420,480,460
1786823221.866 2225.782 OK hwmon10 mv=12184,12176,12184,12176,12176,12184 ma=420,440,440,420,480,460
1786823221.967 2225.882 OK hwmon10 mv=12184,12176,12184,12176,12176,12184 ma=420,440,440,420,480,460
1786823222.076 2225.991 OK hwmon10 mv=12184,12176,12184,12176,12176,12184 ma=420,440,440,420,480,460
1786823222.176 2226.092 OK hwmon10 mv=12184,12176,12184,12176,12176,12184 ma=420,460,440,420,480,460
1786823222.287 2226.202 OK hwmon10 mv=12184,12176,12184,12176,12176,12184 ma=420,460,440,420,480,460
1786823222.387 2226.303 OK hwmon10 mv=12184,12176,12184,12176,12176,12184 ma=440,460,440,420,480,460
1786823222.497 2226.413 OK hwmon10 mv=12184,12176,12184,12176,12176,12184 ma=440,460,440,420,480,460
1786823222.598 2226.514 OK hwmon10 mv=12184,12176,12184,12176,12176,12184 ma=440,460,440,420,480,460
1786823222.709 2226.624 OK hwmon10 mv=12184,12176,12184,12176,12176,12184 ma=440,460,440,420,480,460
1786823222.809 2226.725 OK hwmon10 mv=12184,12176,12184,12176,12176,12184 ma=440,440,440,420,480,460
1786823222.920 2226.836 OK hwmon10 mv=12184,12176,12184,12176,12176,12184 ma=440,440,440,420,480,460
1786823223.020 2226.936 EIO hwmon10 errno=EIO
1786823225.476 2229.392 EIO hwmon10 errno=EIO
1786823225.576 2229.492 EIO hwmon10 errno=EIO
1786823225.677 2229.592 EIO hwmon10 errno=EIO
1786823225.777 2229.693 EIO hwmon10 errno=EIO
1786823225.877 2229.793 EIO hwmon10 errno=EIO
1786823225.977 2229.893 EIO hwmon10 errno=EIO
1786823226.078 2229.993 EIO hwmon10 errno=EIO
1786823226.178 2230.093 EIO hwmon10 errno=EIO
1786823226.278 2230.194 EIO hwmon10 errno=EIO
1786823226.378 2230.294 EIO hwmon10 errno=EIO
1786823226.478 2230.394 EIO hwmon10 errno=EIO
1786823226.579 2230.494 EIO hwmon10 errno=EIO
1786823245.275 2236.191 EIO hwmon10 errno=EIO
1786823245.375 2236.291 OK hwmon10 mv=12176,12168,12176,12168,12168,12168 ma=680,700,700,660,780,720
1786823246.422 2237.338 OK hwmon10 mv=12176,12168,12176,12168,12168,12168 ma=680,700,700,660,780,720
1786823246.522 2237.438 OK hwmon10 mv=12176,12168,12176,12168,12168,12168 ma=680,700,700,660,780,720
1786823246.628 2237.544 OK hwmon10 mv=12176,12168,12176,12168,12168,12168 ma=680,700,700,660,780,720
1786823246.728 2237.644 OK hwmon10 mv=12168,12160,12168,12160,12160,12168 ma=800,820,800,780,900,840
1786823246.833 2237.749 OK hwmon10 mv=12168,12160,12168,12160,12160,12168 ma=800,820,800,780,900,840
1786823246.933 2237.849 OK hwmon10 mv=12168,12160,12168,12160,12160,12168 ma=800,820,800,780,900,840
1786823247.070 2237.985 OK hwmon10 mv=12168,12160,12168,12160,12160,12168 ma=800,820,800,780,900,840
1786823247.170 2238.086 OK hwmon10 mv=12168,12160,12168,12160,12160,12160 ma=900,920,900,860,1020,940
1786823247.275 2238.191 OK hwmon10 mv=12168,12160,12168,12160,12160,12160 ma=900,920,900,860,1020,940
1786823247.375 2238.291 OK hwmon10 mv=12168,12160,12168,12160,12160,12160 ma=900,920,900,860,1020,940
1786823247.480 2238.396 OK hwmon10 mv=12168,12160,12168,12160,12160,12160 ma=900,920,900,860,1020,940
1786823247.580 2238.496 OK hwmon10 mv=12168,12160,12168,12160,12160,12160 ma=900,920,900,860,1020,940
1786823247.685 2238.601 OK hwmon10 mv=12168,12160,12168,12160,12160,12160 ma=900,920,900,860,1020,940
1786823247.786 2238.701 OK hwmon10 mv=12168,12160,12168,12160,12160,12160 ma=920,940,940,900,1020,960
1786823247.890 2238.806 OK hwmon10 mv=12168,12160,12168,12160,12160,12160 ma=920,940,940,900,1020,960
1786823247.991 2238.906 OK hwmon10 mv=12168,12160,12168,12160,12160,12160 ma=920,940,940,900,1020,960
1786823248.095 2239.011 OK hwmon10 mv=12168,12160,12168,12160,12160,12160 ma=920,940,940,900,1020,960
1786823248.196 2239.111 OK hwmon10 mv=12168,12160,12168,12160,12160,12160 ma=920,940,940,900,1020,960
1786823248.300 2239.216 OK hwmon10 mv=12168,12160,12168,12160,12160,12160 ma=920,940,940,900,1020,960
1786823248.401 2239.316 OK hwmon10 mv=12168,12160,12168,12160,12160,12160 ma=940,960,960,900,1040,980
1786823248.505 2239.421 OK hwmon10 mv=12168,12160,12168,12160,12160,12160 ma=940,960,960,900,1040,980
1786823248.606 2239.522 OK hwmon10 mv=12168,12160,12168,12160,12160,12160 ma=940,960,960,900,1040,980
1786823248.711 2239.626 OK hwmon10 mv=12168,12160,12168,12160,12160,12160 ma=940,960,960,900,1040,980
1786823248.811 2239.727 OK hwmon10 mv=12168,12160,12168,12160,12160,12160 ma=940,960,960,920,1060,980
1786823248.916 2239.831 OK hwmon10 mv=12168,12160,12168,12160,12160,12160 ma=940,960,960,920,1060,980
1786823249.016 2239.932 OK hwmon10 mv=12168,12160,12168,12160,12160,12160 ma=940,960,960,920,1060,980
1786823249.121 2240.037 OK hwmon10 mv=12168,12160,12168,12160,12160,12160 ma=940,960,960,920,1060,980
1786823249.221 2240.137 OK hwmon10 mv=12168,12160,12168,12160,12160,12160 ma=940,960,960,920,1060,980
1786823249.326 2240.242 OK hwmon10 mv=12168,12160,12168,12160,12160,12160 ma=940,960,960,920,1060,980
1786823249.426 2240.342 OK hwmon10 mv=12168,12160,12168,12160,12160,12160 ma=940,980,980,940,1060,1000
1786823249.531 2240.447 OK hwmon10 mv=12168,12160,12168,12160,12160,12160 ma=940,980,980,940,1060,1000
1786823249.631 2240.547 OK hwmon10 mv=12168,12160,12168,12160,12160,12160 ma=940,980,980,940,1060,1000
1786823249.736 2240.652 OK hwmon10 mv=12168,12160,12168,12160,12160,12160 ma=940,980,980,940,1060,1000
1786823249.836 2240.752 OK hwmon10 mv=12168,12160,12168,12160,12160,12160 ma=940,980,980,940,1060,1000
1786823249.941 2240.857 OK hwmon10 mv=12168,12160,12168,12160,12160,12160 ma=940,980,980,940,1060,1000
1786823250.042 2240.957 OK hwmon10 mv=12168,12160,12168,12160,12160,12160 ma=960,980,980,940,1060,1000
1786823250.146 2241.062 OK hwmon10 mv=12168,12160,12168,12160,12160,12160 ma=960,980,980,940,1060,1000
1786823250.247 2241.163 OK hwmon10 mv=12168,12160,12168,12160,12160,12160 ma=960,980,980,940,1060,1000
1786823250.352 2241.267 OK hwmon10 mv=12168,12160,12168,12160,12160,12160 ma=960,980,980,940,1060,1000
1786823250.452 2241.368 OK hwmon10 mv=12168,12160,12168,12160,12160,12160 ma=960,980,980,940,1060,1000
1786823250.557 2241.472 OK hwmon10 mv=12168,12160,12168,12160,12160,12160 ma=960,980,980,940,1060,1000
1786823250.657 2241.573 OK hwmon10 mv=12168,12160,12168,12160,12160,12160 ma=960,980,980,940,1060,1000
1786823250.762 2241.678 OK hwmon10 mv=12168,12160,12168,12160,12160,12160 ma=960,980,980,940,1060,1000
1786823250.862 2241.778 OK hwmon10 mv=12168,12160,12168,12160,12160,12160 ma=960,980,980,940,1060,1000
1786823250.967 2241.883 OK hwmon10 mv=12168,12160,12168,12160,12160,12160 ma=960,980,980,940,1060,1000
1786823251.067 2241.983 OK hwmon10 mv=12168,12160,12168,12160,12160,12160 ma=960,980,980,940,1080,1000
1786823251.172 2242.088 OK hwmon10 mv=12168,12160,12168,12160,12160,12160 ma=960,980,980,940,1080,1000
1786823251.272 2242.188 OK hwmon10 mv=12168,12160,12168,12160,12160,12160 ma=960,980,980,940,1080,1000
1786823251.377 2242.293 OK hwmon10 mv=12168,12160,12168,12160,12160,12160 ma=960,980,980,940,1080,1000
1786823251.478 2242.393 OK hwmon10 mv=12168,12160,12168,12160,12160,12160 ma=960,980,980,940,1080,1000
1786823251.582 2242.498 OK hwmon10 mv=12168,12160,12168,12160,12160,12160 ma=960,980,980,940,1080,1000
1786823251.683 2242.598 OK hwmon10 mv=12168,12160,12168,12160,12160,12160 ma=960,980,1000,940,1080,1000
1786823251.787 2242.703 OK hwmon10 mv=12168,12160,12168,12160,12160,12160 ma=960,980,1000,940,1080,1000
1786823251.887 2242.803 OK hwmon10 mv=12168,12160,12168,12160,12160,12160 ma=960,980,1000,940,1080,1000
1786823251.992 2242.908 OK hwmon10 mv=12168,12160,12168,12160,12160,12160 ma=960,980,1000,940,1080,1000
1786823252.093 2243.008 OK hwmon10 mv=12168,12160,12168,12160,12160,12160 ma=960,980,1000,940,1080,1000
1786823252.197 2243.113 OK hwmon10 mv=12168,12160,12168,12160,12160,12160 ma=960,980,1000,940,1080,1000
1786823252.298 2243.213 OK hwmon10 mv=12168,12160,12168,12160,12160,12160 ma=960,980,1000,940,1080,1000
1786823252.402 2243.318 OK hwmon10 mv=12168,12160,12168,12160,12160,12160 ma=960,980,1000,940,1080,1000
1786823252.502 2243.418 OK hwmon10 mv=12168,12160,12168,12160,12160,12160 ma=960,980,1000,940,1080,1000
1786823252.607 2243.523 OK hwmon10 mv=12168,12160,12168,12160,12160,12160 ma=960,980,1000,940,1080,1000
1786823252.708 2243.623 OK hwmon10 mv=12168,12152,12168,12160,12152,12160 ma=960,980,1000,940,1080,1000
1786823252.812 2243.728 OK hwmon10 mv=12168,12152,12168,12160,12152,12160 ma=960,980,1000,940,1080,1000
1786823252.913 2243.828 OK hwmon10 mv=12168,12152,12168,12160,12152,12160 ma=960,980,1000,940,1080,1000
1786823253.017 2243.933 OK hwmon10 mv=12168,12152,12168,12160,12152,12160 ma=960,980,1000,940,1080,1000
1786823253.118 2244.034 OK hwmon10 mv=12168,12152,12168,12160,12152,12160 ma=960,980,1000,940,1080,1000
1786823253.222 2244.138 OK hwmon10 mv=12168,12152,12168,12160,12152,12160 ma=960,980,1000,940,1080,1000
1786823253.323 2244.239 OK hwmon10 mv=12160,12152,12160,12160,12152,12160 ma=960,980,1000,940,1080,1000
1786823253.427 2244.343 OK hwmon10 mv=12160,12152,12160,12160,12152,12160 ma=960,980,1000,940,1080,1000
1786823253.528 2244.443 OK hwmon10 mv=12160,12152,12160,12160,12152,12160 ma=960,980,1000,940,1080,1000
1786823253.632 2244.548 OK hwmon10 mv=12160,12152,12160,12160,12152,12160 ma=960,980,1000,940,1080,1000
1786823253.733 2244.648 OK hwmon10 mv=12160,12152,12160,12160,12152,12160 ma=960,980,1000,940,1080,1000
1786823253.837 2244.753 OK hwmon10 mv=12160,12152,12160,12160,12152,12160 ma=960,980,1000,940,1080,1000
1786823253.938 2244.853 OK hwmon10 mv=12160,12152,12160,12160,12152,12160 ma=960,980,980,940,1080,1000
1786823254.042 2244.958 OK hwmon10 mv=12160,12152,12160,12160,12152,12160 ma=960,980,980,940,1080,1000
1786823254.143 2245.059 OK hwmon10 mv=12160,12152,12160,12160,12152,12160 ma=960,980,980,940,1080,1000
1786823254.247 2245.163 OK hwmon10 mv=12160,12152,12160,12160,12152,12160 ma=960,980,980,940,1080,1000
1786823254.348 2245.263 OK hwmon10 mv=12160,12152,12160,12152,12152,12160 ma=960,980,980,940,1080,1000
1786823254.452 2245.368 OK hwmon10 mv=12160,12152,12160,12152,12152,12160 ma=960,980,980,940,1080,1000
1786823254.553 2245.469 OK hwmon10 mv=12160,12152,12160,12152,12152,12160 ma=960,980,980,940,1080,1000
1786823254.658 2245.573 OK hwmon10 mv=12160,12152,12160,12152,12152,12160 ma=960,980,980,940,1080,1000
1786823254.758 2245.674 OK hwmon10 mv=12160,12152,12160,12152,12152,12160 ma=960,980,980,940,1080,1000
1786823254.863 2245.778 OK hwmon10 mv=12160,12152,12160,12152,12152,12160 ma=960,980,980,940,1080,1000
1786823254.963 2245.879 OK hwmon10 mv=12160,12152,12160,12152,12152,12160 ma=960,980,980,940,1080,1000
1786823255.068 2245.984 OK hwmon10 mv=12160,12152,12160,12152,12152,12160 ma=960,980,980,940,1080,1000
1786823255.168 2246.084 OK hwmon10 mv=12160,12152,12160,12152,12152,12160 ma=960,980,980,940,1080,1000
1786823255.273 2246.189 OK hwmon10 mv=12160,12152,12160,12152,12152,12160 ma=960,980,980,940,1080,1000
1786823255.374 2246.290 OK hwmon10 mv=12160,12152,12160,12152,12152,12160 ma=960,980,980,940,1080,1000
1786823255.479 2246.394 OK hwmon10 mv=12160,12152,12160,12152,12152,12160 ma=960,980,980,940,1080,1000
1786823255.579 2246.495 OK hwmon10 mv=12160,12152,12160,12152,12152,12160 ma=960,980,1000,940,1080,1020
1786823255.684 2246.600 OK hwmon10 mv=12160,12152,12160,12152,12152,12160 ma=960,980,1000,940,1080,1020
1786823255.784 2246.700 OK hwmon10 mv=12160,12152,12160,12152,12152,12160 ma=960,980,1000,940,1080,1020
1786823255.889 2246.805 OK hwmon10 mv=12160,12152,12160,12152,12152,12160 ma=960,980,1000,940,1080,1020
1786823255.989 2246.905 OK hwmon10 mv=12160,12152,12160,12152,12152,12160 ma=960,980,1000,940,1080,1020
1786823256.094 2247.010 OK hwmon10 mv=12160,12152,12160,12152,12152,12160 ma=960,980,1000,940,1080,1020
1786823256.195 2247.110 OK hwmon10 mv=12160,12152,12160,12160,12152,12160 ma=960,980,1000,940,1080,1000
1786823256.299 2247.215 OK hwmon10 mv=12160,12152,12160,12160,12152,12160 ma=960,980,1000,940,1080,1000
1786823256.400 2247.315 OK hwmon10 mv=12160,12152,12160,12160,12152,12160 ma=960,980,1000,940,1080,1000
1786823256.504 2247.420 OK hwmon10 mv=12160,12152,12160,12160,12152,12160 ma=960,980,1000,940,1080,1000
1786823256.605 2247.521 OK hwmon10 mv=12160,12152,12168,12160,12152,12160 ma=960,980,1000,940,1080,1000
1786823256.710 2247.625 OK hwmon10 mv=12160,12152,12168,12160,12152,12160 ma=960,980,1000,940,1080,1000
1786823256.810 2247.726 OK hwmon10 mv=12160,12152,12168,12160,12152,12160 ma=960,980,1000,940,1080,1000
1786823256.916 2247.832 OK hwmon10 mv=12160,12152,12168,12160,12152,12160 ma=960,980,1000,940,1080,1000
1786823257.016 2247.932 OK hwmon10 mv=12160,12152,12168,12160,12152,12160 ma=960,980,1000,940,1080,1000
1786823257.122 2248.038 OK hwmon10 mv=12160,12152,12168,12160,12152,12160 ma=960,980,1000,940,1080,1000
1786823257.222 2248.138 OK hwmon10 mv=12168,12160,12168,12160,12160,12160 ma=860,880,900,860,980,920
1786823257.328 2248.244 OK hwmon10 mv=12168,12160,12168,12160,12160,12160 ma=860,880,900,860,980,920
1786823257.428 2248.344 OK hwmon10 mv=12168,12160,12168,12160,12160,12160 ma=860,880,900,860,980,920
1786823257.534 2248.450 OK hwmon10 mv=12168,12160,12168,12160,12160,12160 ma=860,880,900,860,980,920
1786823257.635 2248.550 OK hwmon10 mv=12168,12160,12168,12160,12160,12160 ma=860,880,900,860,980,920
1786823257.740 2248.656 OK hwmon10 mv=12168,12160,12168,12160,12160,12160 ma=860,880,900,860,980,920
1786823257.841 2248.756 OK hwmon10 mv=12168,12160,12168,12160,12160,12168 ma=780,800,800,760,880,820
1786823257.947 2248.862 OK hwmon10 mv=12168,12160,12168,12160,12160,12168 ma=780,800,800,760,880,820
1786823258.047 2248.963 OK hwmon10 mv=12168,12160,12168,12160,12160,12168 ma=780,800,800,760,880,820
1786823258.153 2249.069 OK hwmon10 mv=12168,12160,12168,12160,12160,12168 ma=780,800,800,760,880,820
1786823258.253 2249.169 OK hwmon10 mv=12176,12168,12176,12168,12168,12168 ma=700,700,700,680,780,720
1786823258.359 2249.275 OK hwmon10 mv=12176,12168,12176,12168,12168,12168 ma=700,700,700,680,780,720
1786823258.459 2249.375 OK hwmon10 mv=12176,12168,12176,12168,12168,12168 ma=700,700,700,680,780,720
1786823258.565 2249.481 OK hwmon10 mv=12176,12168,12176,12168,12168,12168 ma=700,700,700,680,780,720
1786823258.666 2249.581 OK hwmon10 mv=12176,12168,12176,12168,12168,12168 ma=700,700,700,680,780,720
1786823258.772 2249.687 OK hwmon10 mv=12176,12168,12176,12168,12168,12168 ma=700,700,700,680,780,720
1786823258.872 2249.788 OK hwmon10 mv=12176,12168,12176,12168,12168,12168 ma=620,640,620,600,700,660
1786823258.978 2249.893 OK hwmon10 mv=12176,12168,12176,12168,12168,12168 ma=620,640,620,600,700,660
1786823259.078 2249.994 OK hwmon10 mv=12176,12168,12176,12168,12168,12168 ma=620,640,620,600,700,660
1786823259.190 2250.105 OK hwmon10 mv=12176,12168,12176,12168,12168,12168 ma=620,640,620,600,700,660
1786823259.290 2250.206 OK hwmon10 mv=12176,12168,12176,12168,12168,12168 ma=620,640,620,600,700,660
1786823259.400 2250.316 OK hwmon10 mv=12176,12168,12176,12168,12168,12168 ma=620,640,620,600,700,660
1786823259.501 2250.417 OK hwmon10 mv=12168,12160,12168,12160,12160,12168 ma=700,720,680,680,760,720
1786823259.606 2250.522 OK hwmon10 mv=12168,12160,12168,12160,12160,12168 ma=700,720,680,680,760,720
1786823259.707 2250.622 OK hwmon10 mv=12168,12160,12168,12160,12160,12168 ma=700,720,680,680,760,720
1786823259.811 2250.727 OK hwmon10 mv=12168,12160,12168,12160,12160,12168 ma=700,720,680,680,760,720
1786823259.912 2250.828 OK hwmon10 mv=12168,12160,12168,12160,12160,12160 ma=860,880,860,820,940,880
1786823260.017 2250.932 OK hwmon10 mv=12168,12160,12168,12160,12160,12160 ma=860,880,860,820,940,880
1786823260.117 2251.033 OK hwmon10 mv=12168,12160,12168,12160,12160,12160 ma=860,880,860,820,940,880
1786823260.222 2251.138 OK hwmon10 mv=12168,12160,12168,12160,12160,12160 ma=860,880,860,820,940,880
1786823260.322 2251.238 OK hwmon10 mv=12168,12160,12168,12160,12160,12160 ma=860,880,860,820,940,880
1786823260.427 2251.343 OK hwmon10 mv=12168,12160,12168,12160,12160,12160 ma=860,880,860,820,940,880
1786823260.528 2251.443 OK hwmon10 mv=12160,12152,12160,12152,12152,12160 ma=960,1000,1000,960,1080,1020
1786823260.633 2251.548 OK hwmon10 mv=12160,12152,12160,12152,12152,12160 ma=960,1000,1000,960,1080,1020
1786823260.733 2251.649 OK hwmon10 mv=12160,12152,12160,12152,12152,12160 ma=960,1000,1000,960,1080,1020
1786823260.838 2251.754 OK hwmon10 mv=12160,12152,12160,12152,12152,12160 ma=960,1000,1000,960,1080,1020
1786823260.938 2251.854 OK hwmon10 mv=12160,12152,12160,12152,12152,12160 ma=960,1000,1000,960,1080,1020
1786823261.043 2251.959 OK hwmon10 mv=12160,12152,12160,12152,12152,12160 ma=960,1000,1000,960,1080,1020
1786823261.144 2252.060 OK hwmon10 mv=12160,12152,12160,12152,12152,12152 ma=1040,1080,1080,1040,1160,1100
1786823261.249 2252.165 OK hwmon10 mv=12160,12152,12160,12152,12152,12152 ma=1040,1080,1080,1040,1160,1100
1786823261.350 2252.265 OK hwmon10 mv=12160,12152,12160,12152,12152,12152 ma=1040,1080,1080,1040,1160,1100
1786823261.455 2252.371 OK hwmon10 mv=12160,12152,12160,12152,12152,12152 ma=1040,1080,1080,1040,1160,1100
1786823261.556 2252.471 OK hwmon10 mv=12160,12152,12160,12152,12152,12152 ma=1040,1080,1080,1040,1160,1100
1786823261.661 2252.577 OK hwmon10 mv=12160,12152,12160,12152,12152,12152 ma=1040,1080,1080,1040,1160,1100
1786823261.761 2252.677 OK hwmon10 mv=12160,12152,12160,12152,12152,12160 ma=960,1000,980,940,1080,1020
1786823261.867 2252.782 OK hwmon10 mv=12160,12152,12160,12152,12152,12160 ma=960,1000,980,940,1080,1020
1786823261.967 2252.883 OK hwmon10 mv=12160,12152,12160,12152,12152,12160 ma=960,1000,980,940,1080,1020
1786823262.072 2252.988 OK hwmon10 mv=12160,12152,12160,12152,12152,12160 ma=960,1000,980,940,1080,1020
1786823262.173 2253.089 OK hwmon10 mv=12168,12160,12168,12160,12160,12160 ma=880,900,900,860,980,920
1786823262.278 2253.194 OK hwmon10 mv=12168,12160,12168,12160,12160,12160 ma=880,900,900,860,980,920
1786823262.379 2253.295 OK hwmon10 mv=12168,12160,12168,12160,12160,12160 ma=880,900,900,860,980,920
1786823262.484 2253.400 OK hwmon10 mv=12168,12160,12168,12160,12160,12160 ma=880,900,900,860,980,920
1786823262.585 2253.500 OK hwmon10 mv=12168,12160,12168,12160,12160,12160 ma=880,900,900,860,980,920
1786823262.693 2253.608 OK hwmon10 mv=12168,12160,12168,12160,12160,12160 ma=880,900,900,860,980,920
1786823262.793 2253.709 OK hwmon10 mv=12168,12160,12168,12160,12160,12168 ma=800,820,820,780,900,840
1786823262.901 2253.817 OK hwmon10 mv=12168,12160,12168,12160,12160,12168 ma=800,820,820,780,900,840
1786823263.002 2253.917 OK hwmon10 mv=12168,12160,12168,12160,12160,12168 ma=800,820,820,780,900,840
1786823263.109 2254.025 OK hwmon10 mv=12168,12160,12168,12160,12160,12168 ma=800,820,820,780,900,840
1786823263.209 2254.125 OK hwmon10 mv=12168,12160,12168,12160,12160,12168 ma=800,820,820,780,900,840
1786823263.317 2254.233 OK hwmon10 mv=12168,12160,12168,12160,12160,12168 ma=800,820,820,780,900,840
1786823263.418 2254.334 OK hwmon10 mv=12168,12160,12168,12160,12160,12168 ma=760,780,780,740,840,800
1786823263.526 2254.441 OK hwmon10 mv=12168,12160,12168,12160,12160,12168 ma=760,780,780,740,840,800
1786823263.626 2254.542 OK hwmon10 mv=12168,12160,12168,12160,12160,12168 ma=760,780,780,740,840,800
1786823263.732 2254.648 OK hwmon10 mv=12168,12160,12168,12160,12160,12168 ma=760,780,780,740,840,800
1786823263.833 2254.749 OK hwmon10 mv=12176,12168,12176,12168,12168,12168 ma=700,720,720,680,780,740
1786823263.940 2254.856 OK hwmon10 mv=12176,12168,12176,12168,12168,12168 ma=700,720,720,680,780,740
1786823264.041 2254.956 OK hwmon10 mv=12176,12168,12176,12168,12168,12168 ma=700,720,720,680,780,740
1786823264.149 2255.065 OK hwmon10 mv=12176,12168,12176,12168,12168,12168 ma=700,720,720,680,780,740
1786823264.249 2255.165 OK hwmon10 mv=12176,12168,12176,12168,12168,12168 ma=700,720,720,680,780,740
1786823264.356 2255.272 OK hwmon10 mv=12176,12168,12176,12168,12168,12168 ma=700,720,720,680,780,740
1786823264.456 2255.372 OK hwmon10 mv=12176,12168,12176,12168,12168,12168 ma=660,680,660,640,740,700
1786823264.568 2255.483 OK hwmon10 mv=12176,12168,12176,12168,12168,12168 ma=660,680,660,640,740,700
1786823264.668 2255.584 OK hwmon10 mv=12176,12168,12176,12168,12168,12168 ma=660,680,660,640,740,700
1786823264.779 2255.695 OK hwmon10 mv=12176,12168,12176,12168,12168,12168 ma=660,680,660,640,740,700
1786823264.879 2255.795 OK hwmon10 mv=12176,12168,12176,12168,12168,12168 ma=660,680,660,640,740,700
1786823264.990 2255.906 OK hwmon10 mv=12176,12168,12176,12168,12168,12168 ma=660,680,660,640,740,700
1786823265.090 2256.006 OK hwmon10 mv=12176,12168,12176,12168,12168,12176 ma=620,620,620,600,680,640
1786823265.201 2256.117 OK hwmon10 mv=12176,12168,12176,12168,12168,12176 ma=620,620,620,600,680,640
1786823265.301 2256.217 OK hwmon10 mv=12176,12168,12176,12168,12168,12176 ma=620,620,620,600,680,640
1786823265.410 2256.325 OK hwmon10 mv=12176,12168,12176,12168,12168,12176 ma=620,620,620,600,680,640
1786823265.510 2256.426 OK hwmon10 mv=12176,12168,12176,12168,12168,12176 ma=580,600,580,560,660,620
1786823265.621 2256.537 OK hwmon10 mv=12176,12168,12176,12168,12168,12176 ma=580,600,580,560,660,620
1786823265.721 2256.637 OK hwmon10 mv=12176,12168,12176,12168,12168,12176 ma=580,600,580,560,660,620
1786823265.829 2256.745 OK hwmon10 mv=12176,12168,12176,12168,12168,12176 ma=580,600,580,560,660,620
1786823265.930 2256.846 OK hwmon10 mv=12176,12168,12176,12168,12168,12176 ma=580,600,580,560,660,620
1786823266.041 2256.957 OK hwmon10 mv=12176,12168,12176,12168,12168,12176 ma=580,600,580,560,660,620
1786823266.141 2257.057 OK hwmon10 mv=12176,12168,12176,12168,12168,12168 ma=580,580,560,540,640,600
1786823266.252 2257.168 OK hwmon10 mv=12176,12168,12176,12168,12168,12168 ma=580,580,560,540,640,600
1786823266.352 2257.268 OK hwmon10 mv=12176,12168,12176,12168,12168,12168 ma=580,580,560,540,640,600
1786823266.462 2257.378 OK hwmon10 mv=12176,12168,12176,12168,12168,12168 ma=580,580,560,540,640,600
1786823266.563 2257.479 OK hwmon10 mv=12176,12168,12176,12168,12168,12168 ma=580,580,560,540,640,600
1786823266.671 2257.587 OK hwmon10 mv=12176,12168,12176,12168,12168,12168 ma=580,580,560,540,640,600
1786823266.772 2257.687 OK hwmon10 mv=12176,12168,12176,12168,12168,12168 ma=560,560,540,500,620,580
1786823266.879 2257.795 OK hwmon10 mv=12176,12168,12176,12168,12168,12168 ma=560,560,540,500,620,580
1786823266.980 2257.896 OK hwmon10 mv=12176,12168,12176,12168,12168,12168 ma=560,560,540,500,620,580
1786823267.091 2258.006 OK hwmon10 mv=12176,12168,12176,12168,12168,12168 ma=560,560,540,500,620,580
1786823267.191 2258.107 OK hwmon10 mv=12176,12168,12176,12168,12168,12176 ma=540,560,520,500,620,560
1786823267.301 2258.217 OK hwmon10 mv=12176,12168,12176,12168,12168,12176 ma=540,560,520,500,620,560
1786823267.401 2258.317 OK hwmon10 mv=12176,12168,12176,12168,12168,12176 ma=540,560,520,500,620,560
1786823267.513 2258.429 OK hwmon10 mv=12176,12168,12176,12168,12168,12176 ma=540,560,520,500,620,560
1786823267.613 2258.529 OK hwmon10 mv=12176,12168,12176,12168,12168,12176 ma=540,560,520,500,620,560
1786823267.724 2258.640 OK hwmon10 mv=12176,12168,12176,12168,12168,12176 ma=540,560,520,500,620,560
1786823267.824 2258.740 OK hwmon10 mv=12176,12168,12176,12168,12168,12176 ma=520,540,520,480,600,540
1786823267.935 2258.850 OK hwmon10 mv=12176,12168,12176,12168,12168,12176 ma=520,540,520,480,600,540
1786823268.035 2258.951 OK hwmon10 mv=12176,12168,12176,12168,12168,12176 ma=520,540,520,480,600,540
1786823268.146 2259.062 OK hwmon10 mv=12176,12168,12176,12168,12168,12176 ma=520,540,520,480,600,540
1786823268.247 2259.162 OK hwmon10 mv=12176,12168,12176,12168,12168,12176 ma=520,540,520,480,580,540
1786823268.355 2259.271 OK hwmon10 mv=12176,12168,12176,12168,12168,12176 ma=520,540,520,480,580,540
1786823268.455 2259.371 OK hwmon10 mv=12176,12168,12176,12168,12168,12176 ma=520,540,500,480,580,540
1786823268.563 2259.479 OK hwmon10 mv=12176,12168,12176,12168,12168,12176 ma=520,540,500,480,580,540
1786823268.664 2259.579 OK hwmon10 mv=12176,12168,12176,12168,12168,12176 ma=520,540,500,480,580,540
1786823268.772 2259.687 OK hwmon10 mv=12176,12168,12176,12168,12168,12176 ma=520,540,500,480,580,540
1786823268.872 2259.788 OK hwmon10 mv=12176,12168,12176,12176,12168,12176 ma=500,520,500,480,580,520
1786823268.982 2259.898 OK hwmon10 mv=12176,12168,12176,12176,12168,12176 ma=500,520,500,480,580,520
1786823269.082 2259.998 OK hwmon10 mv=12176,12168,12176,12176,12168,12176 ma=500,520,500,480,580,520
1786823269.193 2260.109 OK hwmon10 mv=12176,12168,12176,12176,12168,12176 ma=500,520,500,480,580,520
1786823269.293 2260.209 OK hwmon10 mv=12176,12168,12176,12176,12168,12176 ma=500,520,500,480,580,520
1786823269.403 2260.319 OK hwmon10 mv=12176,12168,12176,12176,12168,12176 ma=500,520,500,480,580,520
1786823269.504 2260.419 OK hwmon10 mv=12176,12168,12176,12176,12168,12176 ma=500,520,480,480,560,520
1786823269.615 2260.531 OK hwmon10 mv=12176,12168,12176,12176,12168,12176 ma=500,520,480,480,560,520
1786823269.715 2260.631 OK hwmon10 mv=12176,12168,12176,12176,12168,12176 ma=500,520,480,480,560,520
1786823269.827 2260.743 OK hwmon10 mv=12176,12168,12176,12176,12168,12176 ma=500,520,480,480,560,520
1786823269.927 2260.843 OK hwmon10 mv=12176,12168,12176,12176,12168,12176 ma=500,520,480,480,560,520
1786823270.035 2260.951 OK hwmon10 mv=12176,12168,12176,12176,12168,12176 ma=500,520,480,480,560,520
1786823270.135 2261.051 OK hwmon10 mv=12176,12168,12176,12176,12168,12176 ma=500,500,480,480,560,520
1786823270.246 2261.162 OK hwmon10 mv=12176,12168,12176,12176,12168,12176 ma=500,500,480,480,560,520
1786823270.346 2261.262 OK hwmon10 mv=12176,12168,12176,12176,12168,12176 ma=500,500,480,480,560,520
1786823270.456 2261.372 OK hwmon10 mv=12176,12168,12176,12176,12168,12176 ma=500,500,480,480,560,520
1786823270.556 2261.472 OK hwmon10 mv=12176,12168,12176,12176,12168,12176 ma=500,520,480,480,560,520
1786823270.666 2261.582 OK hwmon10 mv=12176,12168,12176,12176,12168,12176 ma=500,520,480,480,560,520
1786823270.767 2261.683 OK hwmon10 mv=12176,12168,12176,12176,12168,12176 ma=500,520,480,480,560,520
1786823270.879 2261.795 OK hwmon10 mv=12176,12168,12176,12176,12168,12176 ma=500,520,480,480,560,520
1786823270.979 2261.895 OK hwmon10 mv=12176,12168,12176,12176,12168,12176 ma=500,520,480,480,560,520
1786823271.090 2262.006 OK hwmon10 mv=12176,12168,12176,12176,12168,12176 ma=500,520,480,480,560,520
1786823271.191 2262.106 OK hwmon10 mv=12176,12168,12176,12168,12168,12176 ma=520,520,480,480,560,520
1786823271.298 2262.214 OK hwmon10 mv=12176,12168,12176,12168,12168,12176 ma=520,520,480,480,560,520
1786823271.399 2262.314 OK hwmon10 mv=12176,12168,12176,12168,12168,12176 ma=520,520,480,480,560,520
1786823271.510 2262.425 OK hwmon10 mv=12176,12168,12176,12168,12168,12176 ma=520,520,480,480,560,520
1786823271.610 2262.526 OK hwmon10 mv=12176,12168,12176,12168,12168,12176 ma=500,520,480,480,560,540
1786823271.718 2262.634 OK hwmon10 mv=12176,12168,12176,12168,12168,12176 ma=500,520,480,480,560,540
1786823271.818 2262.734 OK hwmon10 mv=12176,12168,12176,12168,12168,12176 ma=500,520,480,480,560,540
1786823271.929 2262.845 OK hwmon10 mv=12176,12168,12176,12168,12168,12176 ma=500,520,480,480,560,540
1786823272.029 2262.945 OK hwmon10 mv=12176,12168,12176,12168,12168,12176 ma=500,520,480,480,560,540
1786823272.137 2263.053 OK hwmon10 mv=12176,12168,12176,12168,12168,12176 ma=500,520,480,480,560,540
1786823272.237 2263.153 OK hwmon10 mv=12176,12168,12176,12168,12168,12176 ma=500,520,480,480,560,540
1786823272.345 2263.261 OK hwmon10 mv=12176,12168,12176,12168,12168,12176 ma=500,520,480,480,560,540
1786823272.445 2263.361 OK hwmon10 mv=12176,12168,12176,12168,12168,12176 ma=500,520,480,480,560,540
1786823272.554 2263.469 OK hwmon10 mv=12176,12168,12176,12168,12168,12176 ma=500,520,480,480,560,540
1786823272.654 2263.570 OK hwmon10 mv=12176,12168,12176,12168,12168,12176 ma=500,520,480,480,560,540
1786823272.765 2263.680 OK hwmon10 mv=12176,12168,12176,12168,12168,12176 ma=500,520,480,480,560,540
1786823272.865 2263.781 OK hwmon10 mv=12176,12168,12176,12168,12168,12176 ma=500,520,500,480,560,540
1786823272.975 2263.890 OK hwmon10 mv=12176,12168,12176,12168,12168,12176 ma=500,520,500,480,560,540
1786823273.075 2263.991 OK hwmon10 mv=12176,12168,12176,12168,12168,12176 ma=500,520,500,480,560,540
1786823273.189 2264.105 OK hwmon10 mv=12176,12168,12176,12168,12168,12176 ma=500,520,500,480,560,540
1786823273.289 2264.205 OK hwmon10 mv=12176,12168,12184,12176,12176,12176 ma=500,500,480,460,540,520
1786823273.397 2264.313 OK hwmon10 mv=12176,12168,12184,12176,12176,12176 ma=500,500,480,460,540,520
1786823273.498 2264.413 OK hwmon10 mv=12176,12168,12184,12176,12176,12176 ma=500,500,480,460,540,520
1786823273.604 2264.519 OK hwmon10 mv=12176,12168,12184,12176,12176,12176 ma=500,500,480,460,540,520
1786823273.704 2264.620 OK hwmon10 mv=12176,12168,12184,12176,12176,12176 ma=500,500,480,460,540,520
1786823273.815 2264.731 OK hwmon10 mv=12176,12168,12184,12176,12176,12176 ma=500,500,480,460,540,520
1786823273.915 2264.831 OK hwmon10 mv=12184,12168,12184,12176,12176,12176 ma=480,500,480,460,540,500
1786823274.027 2264.943 OK hwmon10 mv=12184,12168,12184,12176,12176,12176 ma=480,500,480,460,540,500
1786823274.127 2265.043 OK hwmon10 mv=12184,12168,12184,12176,12176,12176 ma=480,500,480,460,540,500
1786823274.235 2265.151 OK hwmon10 mv=12184,12168,12184,12176,12176,12176 ma=480,500,480,460,540,500
1786823274.335 2265.251 OK hwmon10 mv=12184,12168,12184,12176,12176,12176 ma=480,500,480,460,540,500
1786823274.450 2265.365 OK hwmon10 mv=12184,12168,12184,12176,12176,12176 ma=480,500,480,460,540,500
1786823274.550 2265.466 OK hwmon10 mv=12176,12168,12176,12176,12168,12176 ma=480,500,480,460,560,520
1786823274.660 2265.576 OK hwmon10 mv=12176,12168,12176,12176,12168,12176 ma=480,500,480,460,560,520
1786823274.761 2265.677 OK hwmon10 mv=12176,12168,12176,12176,12168,12176 ma=480,500,480,460,560,520
1786823274.872 2265.788 OK hwmon10 mv=12176,12168,12176,12176,12168,12176 ma=480,500,480,460,560,520
1786823274.972 2265.888 OK hwmon10 mv=12176,12168,12184,12176,12176,12176 ma=480,500,480,460,560,520
1786823275.084 2266.000 OK hwmon10 mv=12176,12168,12184,12176,12176,12176 ma=480,500,480,460,560,520
1786823275.184 2266.100 OK hwmon10 mv=12176,12168,12184,12176,12176,12176 ma=480,500,480,460,560,520
1786823275.292 2266.208 OK hwmon10 mv=12176,12168,12184,12176,12176,12176 ma=480,500,480,460,560,520
1786823275.393 2266.308 OK hwmon10 mv=12176,12168,12184,12176,12176,12176 ma=480,500,480,460,560,520
1786823275.503 2266.418 OK hwmon10 mv=12176,12168,12184,12176,12176,12176 ma=480,500,480,460,560,520
1786823275.603 2266.519 OK hwmon10 mv=12176,12168,12184,12176,12168,12176 ma=480,500,480,460,560,520
1786823275.711 2266.627 OK hwmon10 mv=12176,12168,12184,12176,12168,12176 ma=480,500,480,460,560,520
1786823275.811 2266.727 OK hwmon10 mv=12176,12168,12184,12176,12168,12176 ma=480,500,480,460,560,520
1786823275.922 2266.838 OK hwmon10 mv=12176,12168,12184,12176,12168,12176 ma=480,500,480,460,560,520
1786823276.022 2266.938 OK hwmon10 mv=12176,12168,12184,12176,12168,12176 ma=480,500,480,460,560,520
1786823276.133 2267.049 OK hwmon10 mv=12176,12168,12184,12176,12168,12176 ma=480,500,480,460,560,520
1786823276.233 2267.149 OK hwmon10 mv=12184,12168,12184,12176,12168,12176 ma=480,500,480,460,540,520
1786823276.341 2267.257 OK hwmon10 mv=12184,12168,12184,12176,12168,12176 ma=480,500,480,460,540,520
1786823276.441 2267.357 OK hwmon10 mv=12184,12168,12184,12176,12168,12176 ma=480,500,480,460,540,520
1786823276.549 2267.465 OK hwmon10 mv=12184,12168,12184,12176,12168,12176 ma=480,500,480,460,540,520
1786823276.650 2267.565 OK hwmon10 mv=12184,12168,12184,12176,12176,12176 ma=480,480,460,440,540,500
1786823276.762 2267.677 OK hwmon10 mv=12184,12168,12184,12176,12176,12176 ma=480,480,460,440,540,500
1786823276.862 2267.778 OK hwmon10 mv=12184,12168,12184,12176,12176,12176 ma=480,480,460,440,540,500
1786823276.970 2267.886 OK hwmon10 mv=12184,12168,12184,12176,12176,12176 ma=480,480,460,440,540,500
1786823277.070 2267.986 OK hwmon10 mv=12184,12168,12184,12176,12176,12176 ma=480,480,460,440,540,500
1786823277.181 2268.097 OK hwmon10 mv=12184,12168,12184,12176,12176,12176 ma=480,480,460,440,540,500
1786823277.281 2268.197 OK hwmon10 mv=12184,12168,12176,12176,12168,12176 ma=480,500,460,440,540,500
1786823277.390 2268.306 OK hwmon10 mv=12184,12168,12176,12176,12168,12176 ma=480,500,460,440,540,500
1786823277.490 2268.406 OK hwmon10 mv=12184,12168,12176,12176,12168,12176 ma=480,500,460,440,540,500
1786823277.602 2268.518 OK hwmon10 mv=12184,12168,12176,12176,12168,12176 ma=480,500,460,440,540,500
1786823277.702 2268.618 OK hwmon10 mv=12184,12168,12176,12176,12168,12176 ma=480,500,460,440,540,500
1786823277.813 2268.729 OK hwmon10 mv=12184,12168,12176,12176,12168,12176 ma=480,500,460,440,540,500
1786823277.913 2268.829 OK hwmon10 mv=12176,12168,12176,12176,12168,12176 ma=500,500,460,460,540,500
1786823278.028 2268.943 OK hwmon10 mv=12176,12168,12176,12176,12168,12176 ma=500,500,460,460,540,500
1786823278.128 2269.044 OK hwmon10 mv=12176,12168,12176,12176,12168,12176 ma=500,500,460,460,540,500
1786823278.239 2269.154 OK hwmon10 mv=12176,12168,12176,12176,12168,12176 ma=500,500,460,460,540,500
1786823278.339 2269.255 OK hwmon10 mv=12176,12168,12176,12176,12168,12176 ma=500,500,480,460,540,500
1786823278.450 2269.366 OK hwmon10 mv=12176,12168,12176,12176,12168,12176 ma=500,500,480,460,540,500
1786823278.551 2269.466 OK hwmon10 mv=12176,12168,12176,12176,12168,12176 ma=500,500,480,460,540,500
1786823278.661 2269.577 OK hwmon10 mv=12176,12168,12176,12176,12168,12176 ma=500,500,480,460,540,500
1786823278.761 2269.677 OK hwmon10 mv=12176,12168,12176,12176,12168,12176 ma=500,500,480,460,540,500
1786823278.873 2269.788 OK hwmon10 mv=12176,12168,12176,12176,12168,12176 ma=500,500,480,460,540,500
1786823278.973 2269.889 OK hwmon10 mv=12176,12168,12176,12176,12168,12176 ma=500,500,480,460,540,520
1786823279.083 2269.999 OK hwmon10 mv=12176,12168,12176,12176,12168,12176 ma=500,500,480,460,540,520
1786823279.184 2270.099 OK hwmon10 mv=12176,12168,12176,12176,12168,12176 ma=500,500,480,460,540,520
1786823279.292 2270.208 OK hwmon10 mv=12176,12168,12176,12176,12168,12176 ma=500,500,480,460,540,520
1786823279.393 2270.308 OK hwmon10 mv=12176,12168,12176,12176,12168,12176 ma=500,500,460,460,540,500
1786823279.503 2270.419 OK hwmon10 mv=12176,12168,12176,12176,12168,12176 ma=500,500,460,460,540,500
1786823279.603 2270.519 OK hwmon10 mv=12176,12168,12176,12176,12168,12176 ma=480,500,460,460,540,500
1786823279.712 2270.628 OK hwmon10 mv=12176,12168,12176,12176,12168,12176 ma=480,500,460,460,540,500
1786823279.813 2270.728 OK hwmon10 mv=12176,12168,12176,12176,12168,12176 ma=480,500,460,460,540,500
1786823279.923 2270.839 OK hwmon10 mv=12176,12168,12176,12176,12168,12176 ma=480,500,460,460,540,500
1786823280.023 2270.939 OK hwmon10 mv=12176,12168,12184,12168,12168,12176 ma=480,500,480,440,540,520
1786823280.135 2271.050 OK hwmon10 mv=12176,12168,12184,12168,12168,12176 ma=480,500,480,440,540,520
1786823280.235 2271.150 OK hwmon10 mv=12176,12168,12184,12168,12168,12176 ma=480,500,480,440,540,520
1786823280.345 2271.261 OK hwmon10 mv=12176,12168,12184,12168,12168,12176 ma=480,500,480,440,540,520
1786823280.446 2271.361 OK hwmon10 mv=12176,12168,12184,12168,12168,12176 ma=480,500,480,440,540,520
1786823280.553 2271.469 OK hwmon10 mv=12176,12168,12184,12168,12168,12176 ma=480,500,480,440,540,520
1786823280.653 2271.569 OK hwmon10 mv=12176,12168,12184,12168,12168,12176 ma=480,480,460,440,540,500
1786823280.762 2271.678 OK hwmon10 mv=12176,12168,12184,12168,12168,12176 ma=480,480,460,440,540,500
1786823280.862 2271.778 OK hwmon10 mv=12176,12168,12184,12168,12168,12176 ma=480,480,460,440,540,500
1786823280.970 2271.886 OK hwmon10 mv=12176,12168,12184,12168,12168,12176 ma=480,480,460,440,540,500
1786823281.071 2271.986 OK hwmon10 mv=12176,12168,12184,12176,12176,12176 ma=480,480,460,440,540,500
1786823281.181 2272.097 OK hwmon10 mv=12176,12168,12184,12176,12176,12176 ma=480,480,460,440,540,500
1786823281.282 2272.198 OK hwmon10 mv=12176,12168,12184,12176,12176,12176 ma=480,480,460,440,540,500
1786823281.393 2272.309 OK hwmon10 mv=12176,12168,12184,12176,12176,12176 ma=480,480,460,440,540,500
1786823281.493 2272.409 OK hwmon10 mv=12176,12168,12184,12176,12176,12176 ma=480,480,460,440,540,500
1786823281.603 2272.519 OK hwmon10 mv=12176,12168,12184,12176,12176,12176 ma=480,480,460,440,540,500
1786823281.703 2272.619 OK hwmon10 mv=12184,12168,12184,12176,12176,12176 ma=480,480,460,440,540,500
1786823281.815 2272.731 OK hwmon10 mv=12184,12168,12184,12176,12176,12176 ma=480,480,460,440,540,500
1786823281.916 2272.831 OK hwmon10 mv=12184,12168,12184,12176,12176,12176 ma=480,480,460,440,540,500
1786823282.027 2272.943 OK hwmon10 mv=12184,12168,12184,12176,12176,12176 ma=480,480,460,440,540,500
1786823282.127 2273.043 OK hwmon10 mv=12184,12168,12184,12176,12176,12176 ma=480,480,460,440,540,500
1786823282.235 2273.151 OK hwmon10 mv=12184,12168,12184,12176,12176,12176 ma=480,480,460,440,540,500
1786823282.336 2273.252 OK hwmon10 mv=12176,12168,12176,12176,12176,12176 ma=480,500,480,440,540,500
1786823282.447 2273.363 OK hwmon10 mv=12176,12168,12176,12176,12176,12176 ma=480,500,480,440,540,500
1786823282.548 2273.463 OK hwmon10 mv=12176,12168,12176,12176,12176,12176 ma=480,500,480,440,540,500
1786823282.655 2273.571 OK hwmon10 mv=12176,12168,12176,12176,12176,12176 ma=480,500,480,440,540,500
1786823282.756 2273.671 OK hwmon10 mv=12176,12168,12176,12176,12168,12176 ma=480,500,480,460,560,520
1786823282.866 2273.782 OK hwmon10 mv=12176,12168,12176,12176,12168,12176 ma=480,500,480,460,560,520
1786823282.967 2273.882 OK hwmon10 mv=12176,12168,12176,12176,12168,12176 ma=480,500,480,460,560,520
1786823283.075 2273.990 OK hwmon10 mv=12176,12168,12176,12176,12168,12176 ma=480,500,480,460,560,520
1786823283.175 2274.091 OK hwmon10 mv=12176,12168,12176,12176,12168,12176 ma=480,500,480,460,560,520
1786823283.285 2274.201 OK hwmon10 mv=12176,12168,12176,12176,12168,12176 ma=480,500,480,460,560,520
1786823283.386 2274.302 OK hwmon10 mv=12176,12168,12176,12176,12168,12176 ma=480,500,480,460,560,520
1786823283.497 2274.412 OK hwmon10 mv=12176,12168,12176,12176,12168,12176 ma=480,500,480,460,560,520
1786823283.597 2274.513 OK hwmon10 mv=12176,12168,12176,12176,12168,12176 ma=480,500,480,460,560,520
1786823283.707 2274.623 OK hwmon10 mv=12176,12168,12176,12176,12168,12176 ma=480,500,480,460,560,520
1786823283.807 2274.723 OK hwmon10 mv=12176,12168,12176,12176,12168,12176 ma=480,500,480,460,560,520
1786823283.918 2274.834 OK hwmon10 mv=12176,12168,12176,12176,12168,12176 ma=480,500,480,460,560,520
1786823284.019 2274.934 OK hwmon10 mv=12184,12168,12176,12176,12168,12176 ma=480,500,480,460,540,500
1786823284.130 2275.045 OK hwmon10 mv=12184,12168,12176,12176,12168,12176 ma=480,500,480,460,540,500
1786823284.230 2275.146 OK hwmon10 mv=12184,12168,12176,12176,12168,12176 ma=480,500,480,460,540,500
1786823284.340 2275.256 OK hwmon10 mv=12184,12168,12176,12176,12168,12176 ma=480,500,480,460,540,500
1786823284.441 2275.356 OK hwmon10 mv=12184,12168,12184,12176,12168,12176 ma=480,500,480,460,540,500
1786823284.549 2275.465 OK hwmon10 mv=12184,12168,12184,12176,12168,12176 ma=480,500,480,460,540,500
1786823284.649 2275.565 OK hwmon10 mv=12184,12168,12184,12176,12168,12176 ma=480,500,480,460,540,500
1786823284.757 2275.673 OK hwmon10 mv=12184,12168,12184,12176,12168,12176 ma=480,500,480,460,540,500
1786823284.858 2275.773 OK hwmon10 mv=12184,12168,12184,12176,12168,12176 ma=480,500,480,460,540,500
1786823284.967 2275.883 OK hwmon10 mv=12184,12168,12184,12176,12168,12176 ma=480,500,480,460,540,500
1786823285.068 2275.984 OK hwmon10 mv=12184,12168,12184,12176,12168,12176 ma=480,500,480,460,560,500
1786823285.180 2276.096 OK hwmon10 mv=12184,12168,12184,12176,12168,12176 ma=480,500,480,460,560,500
1786823285.281 2276.196 OK hwmon10 mv=12184,12168,12184,12176,12168,12176 ma=480,500,480,460,560,500
1786823285.392 2276.308 OK hwmon10 mv=12184,12168,12184,12176,12168,12176 ma=480,500,480,460,560,500
1786823285.492 2276.408 OK hwmon10 mv=12184,12168,12184,12176,12168,12176 ma=480,500,480,460,560,500
1786823285.600 2276.516 OK hwmon10 mv=12184,12168,12184,12176,12168,12176 ma=480,500,480,460,560,500
1786823285.700 2276.616 OK hwmon10 mv=12176,12168,12176,12176,12168,12176 ma=480,500,480,460,540,500
1786823285.811 2276.727 OK hwmon10 mv=12176,12168,12176,12176,12168,12176 ma=480,500,480,460,540,500
1786823285.911 2276.827 OK hwmon10 mv=12176,12168,12176,12176,12168,12176 ma=480,500,480,460,540,500
1786823286.023 2276.939 OK hwmon10 mv=12176,12168,12176,12176,12168,12176 ma=480,500,480,460,540,500
1786823286.123 2277.039 OK hwmon10 mv=12184,12168,12184,12176,12176,12176 ma=480,500,480,440,540,500
1786823286.233 2277.149 OK hwmon10 mv=12184,12168,12184,12176,12176,12176 ma=480,500,480,440,540,500
1786823286.333 2277.249 OK hwmon10 mv=12184,12168,12184,12176,12176,12176 ma=480,500,480,440,540,500
1786823286.444 2277.360 OK hwmon10 mv=12184,12168,12184,12176,12176,12176 ma=480,500,480,440,540,500
1786823286.544 2277.460 OK hwmon10 mv=12184,12168,12184,12176,12176,12176 ma=480,500,480,440,540,500
1786823286.655 2277.571 OK hwmon10 mv=12184,12168,12184,12176,12176,12176 ma=480,500,480,440,540,500
1786823286.756 2277.671 OK hwmon10 mv=12184,12168,12184,12176,12176,12176 ma=480,480,460,440,540,500
1786823286.863 2277.779 OK hwmon10 mv=12184,12168,12184,12176,12176,12176 ma=480,480,460,440,540,500
1786823286.964 2277.879 OK hwmon10 mv=12184,12168,12184,12176,12176,12176 ma=480,480,460,440,540,500
1786823287.075 2277.991 OK hwmon10 mv=12184,12168,12184,12176,12176,12176 ma=480,480,460,440,540,500
1786823287.175 2278.091 OK hwmon10 mv=12184,12168,12184,12176,12176,12176 ma=480,480,460,440,540,500
1786823287.286 2278.201 OK hwmon10 mv=12184,12168,12184,12176,12176,12176 ma=480,480,460,440,540,500
1786823287.386 2278.302 OK hwmon10 mv=12184,12168,12184,12176,12176,12176 ma=480,500,480,460,540,500
1786823287.495 2278.411 OK hwmon10 mv=12184,12168,12184,12176,12176,12176 ma=480,500,480,460,540,500
1786823287.596 2278.511 OK hwmon10 mv=12184,12168,12184,12176,12176,12176 ma=480,500,480,460,540,500
1786823287.704 2278.619 OK hwmon10 mv=12184,12168,12184,12176,12176,12176 ma=480,500,480,460,540,500
1786823287.804 2278.720 OK hwmon10 mv=12184,12168,12184,12176,12168,12176 ma=480,500,480,440,540,500
1786823287.915 2278.831 OK hwmon10 mv=12184,12168,12184,12176,12168,12176 ma=480,500,480,440,540,500
1786823288.015 2278.931 OK hwmon10 mv=12184,12168,12184,12176,12168,12176 ma=480,500,480,440,540,500
1786823288.126 2279.042 OK hwmon10 mv=12184,12168,12184,12176,12168,12176 ma=480,500,480,440,540,500
1786823288.226 2279.142 OK hwmon10 mv=12184,12168,12184,12176,12168,12176 ma=480,500,480,440,540,500
1786823288.337 2279.253 OK hwmon10 mv=12184,12168,12184,12176,12168,12176 ma=480,500,480,440,540,500
1786823288.437 2279.353 OK hwmon10 mv=12184,12168,12184,12176,12168,12176 ma=480,480,480,440,540,500
1786823288.546 2279.461 OK hwmon10 mv=12184,12168,12184,12176,12168,12176 ma=480,480,480,440,540,500
1786823288.646 2279.562 OK hwmon10 mv=12184,12168,12184,12176,12168,12176 ma=480,480,480,440,540,500
1786823288.756 2279.672 OK hwmon10 mv=12184,12168,12184,12176,12168,12176 ma=480,480,480,440,540,500
1786823288.856 2279.772 OK hwmon10 mv=12184,12168,12184,12176,12168,12176 ma=480,480,480,440,540,500
1786823288.966 2279.881 OK hwmon10 mv=12184,12168,12184,12176,12168,12176 ma=480,480,480,440,540,500
1786823289.066 2279.982 OK hwmon10 mv=12184,12168,12184,12176,12168,12176 ma=480,480,480,460,540,480
1786823289.176 2280.092 OK hwmon10 mv=12184,12168,12184,12176,12168,12176 ma=480,480,480,460,540,480
1786823289.277 2280.192 OK hwmon10 mv=12184,12168,12184,12176,12168,12176 ma=480,480,480,460,540,480
1786823289.385 2280.301 OK hwmon10 mv=12184,12168,12184,12176,12168,12176 ma=480,480,480,460,540,480
1786823289.485 2280.401 OK hwmon10 mv=12184,12168,12184,12176,12176,12176 ma=480,480,480,460,540,500
1786823289.596 2280.512 OK hwmon10 mv=12184,12168,12184,12176,12176,12176 ma=480,480,480,460,540,500
1786823289.697 2280.612 OK hwmon10 mv=12184,12168,12184,12176,12176,12176 ma=480,480,480,460,540,500
1786823289.807 2280.723 OK hwmon10 mv=12184,12168,12184,12176,12176,12176 ma=480,480,480,460,540,500
1786823289.907 2280.823 OK hwmon10 mv=12184,12168,12184,12176,12176,12176 ma=480,480,480,460,540,500
1786823290.018 2280.934 OK hwmon10 mv=12184,12168,12184,12176,12176,12176 ma=480,480,480,460,540,500
1786823290.118 2281.034 OK hwmon10 mv=12184,12168,12184,12176,12176,12176 ma=480,480,460,440,540,500
1786823290.226 2281.142 OK hwmon10 mv=12184,12168,12184,12176,12176,12176 ma=480,480,460,440,540,500
1786823290.327 2281.242 OK hwmon10 mv=12184,12168,12184,12176,12176,12176 ma=480,480,460,440,540,500
1786823290.437 2281.353 OK hwmon10 mv=12184,12168,12184,12176,12176,12176 ma=480,480,460,440,540,500
1786823290.538 2281.453 OK hwmon10 mv=12184,12168,12184,12176,12168,12176 ma=480,480,460,440,540,500
1786823290.649 2281.565 OK hwmon10 mv=12184,12168,12184,12176,12168,12176 ma=480,480,460,440,540,500
1786823290.750 2281.666 OK hwmon10 mv=12184,12168,12184,12176,12168,12176 ma=480,480,460,440,540,500
1786823290.861 2281.777 OK hwmon10 mv=12184,12168,12184,12176,12168,12176 ma=480,480,460,440,540,500
1786823290.962 2281.877 OK hwmon10 mv=12184,12168,12184,12176,12168,12176 ma=480,480,460,440,540,500
1786823291.069 2281.985 OK hwmon10 mv=12184,12168,12184,12176,12168,12176 ma=480,480,460,440,540,500
1786823291.169 2282.085 OK hwmon10 mv=12184,12168,12184,12176,12168,12176 ma=480,500,460,440,540,500
1786823291.277 2282.193 OK hwmon10 mv=12184,12168,12184,12176,12168,12176 ma=480,500,460,440,540,500
1786823291.377 2282.293 OK hwmon10 mv=12184,12168,12184,12176,12168,12176 ma=480,500,460,440,540,500
1786823291.488 2282.404 OK hwmon10 mv=12184,12168,12184,12176,12168,12176 ma=480,500,460,440,540,500
1786823291.589 2282.505 OK hwmon10 mv=12184,12168,12184,12176,12168,12176 ma=480,500,460,440,540,500
1786823291.697 2282.613 OK hwmon10 mv=12184,12168,12184,12176,12168,12176 ma=480,500,460,440,540,500
1786823291.797 2282.713 OK hwmon10 mv=12184,12168,12184,12176,12168,12176 ma=480,500,480,460,540,500
1786823291.908 2282.824 OK hwmon10 mv=12184,12168,12184,12176,12168,12176 ma=480,500,480,460,540,500
1786823292.008 2282.924 OK hwmon10 mv=12184,12168,12184,12176,12168,12176 ma=480,500,480,460,540,500
1786823292.119 2283.035 OK hwmon10 mv=12184,12168,12184,12176,12168,12176 ma=480,500,480,460,540,500
1786823292.220 2283.136 OK hwmon10 mv=12184,12168,12184,12176,12168,12176 ma=480,500,480,460,540,500
1786823292.328 2283.244 OK hwmon10 mv=12184,12168,12184,12176,12168,12176 ma=480,500,480,460,540,500
1786823292.429 2283.344 OK hwmon10 mv=12184,12168,12184,12176,12168,12176 ma=480,500,480,460,540,500
1786823292.536 2283.452 OK hwmon10 mv=12184,12168,12184,12176,12168,12176 ma=480,500,480,460,540,500
1786823292.637 2283.552 OK hwmon10 mv=12184,12168,12184,12176,12168,12176 ma=480,500,480,460,540,500
1786823292.747 2283.663 OK hwmon10 mv=12184,12168,12184,12176,12168,12176 ma=480,500,480,460,540,500
1786823292.847 2283.763 OK hwmon10 mv=12184,12168,12184,12176,12176,12176 ma=480,480,460,440,520,500
1786823292.956 2283.872 OK hwmon10 mv=12184,12168,12184,12176,12176,12176 ma=480,480,460,440,520,500
1786823293.056 2283.972 OK hwmon10 mv=12184,12168,12184,12176,12176,12176 ma=480,480,460,440,520,500
1786823293.176 2284.092 OK hwmon10 mv=12184,12168,12184,12176,12176,12176 ma=480,480,460,440,520,500
1786823293.276 2284.192 OK hwmon10 mv=12184,12168,12184,12176,12176,12176 ma=480,480,460,440,520,500
1786823293.387 2284.303 OK hwmon10 mv=12184,12168,12184,12176,12176,12176 ma=480,480,460,440,520,500
1786823293.488 2284.403 OK hwmon10 mv=12184,12168,12184,12176,12168,12176 ma=500,500,480,460,540,500
1786823293.598 2284.514 OK hwmon10 mv=12184,12168,12184,12176,12168,12176 ma=500,500,480,460,540,500
1786823293.698 2284.614 OK hwmon10 mv=12184,12168,12184,12176,12168,12176 ma=500,500,480,460,540,500
1786823293.809 2284.725 OK hwmon10 mv=12184,12168,12184,12176,12168,12176 ma=500,500,480,460,540,500
1786823293.909 2284.825 OK hwmon10 mv=12184,12168,12184,12176,12176,12176 ma=500,500,480,460,540,500
1786823294.020 2284.936 OK hwmon10 mv=12184,12168,12184,12176,12176,12176 ma=500,500,480,460,540,500
1786823294.120 2285.036 OK hwmon10 mv=12184,12168,12184,12176,12176,12176 ma=500,500,480,460,540,500
1786823294.227 2285.143 OK hwmon10 mv=12184,12168,12184,12176,12176,12176 ma=500,500,480,460,540,500
1786823294.327 2285.243 OK hwmon10 mv=12184,12168,12184,12176,12176,12176 ma=500,500,480,460,540,500
1786823294.437 2285.353 OK hwmon10 mv=12184,12168,12184,12176,12176,12176 ma=500,500,480,460,540,500
1786823294.537 2285.453 OK hwmon10 mv=12184,12168,12184,12176,12176,12176 ma=480,480,460,440,540,500
1786823294.648 2285.563 OK hwmon10 mv=12184,12168,12184,12176,12176,12176 ma=480,480,460,440,540,500
1786823294.748 2285.664 OK hwmon10 mv=12184,12168,12184,12176,12176,12176 ma=480,480,460,440,540,500
1786823294.856 2285.771 OK hwmon10 mv=12184,12168,12184,12176,12176,12176 ma=480,480,460,440,540,500
1786823294.956 2285.872 OK hwmon10 mv=12184,12168,12184,12176,12176,12176 ma=480,480,460,440,540,500
1786823295.067 2285.983 OK hwmon10 mv=12184,12168,12184,12176,12176,12176 ma=480,480,460,440,540,500
1786823295.168 2286.083 OK hwmon10 mv=12184,12168,12184,12176,12176,12176 ma=480,480,460,440,540,500
1786823295.278 2286.194 OK hwmon10 mv=12184,12168,12184,12176,12176,12176 ma=480,480,460,440,540,500
1786823295.379 2286.294 OK hwmon10 mv=12184,12168,12184,12176,12176,12176 ma=480,480,460,440,540,500
1786823295.490 2286.405 OK hwmon10 mv=12184,12168,12184,12176,12176,12176 ma=480,480,460,440,540,500
1786823295.590 2286.506 OK hwmon10 mv=12184,12168,12184,12176,12176,12176 ma=480,480,460,440,520,480
1786823295.700 2286.616 OK hwmon10 mv=12184,12168,12184,12176,12176,12176 ma=480,480,460,440,520,480
1786823295.801 2286.716 OK hwmon10 mv=12184,12168,12184,12176,12176,12176 ma=480,480,460,440,520,480
1786823295.912 2286.828 OK hwmon10 mv=12184,12168,12184,12176,12176,12176 ma=480,480,460,440,520,480
1786823296.012 2286.928 OK hwmon10 mv=12184,12168,12184,12176,12176,12176 ma=480,480,460,440,520,480
1786823296.123 2287.038 OK hwmon10 mv=12184,12168,12184,12176,12176,12176 ma=480,480,460,440,520,480
1786823296.223 2287.139 OK hwmon10 mv=12184,12176,12184,12176,12176,12176 ma=460,480,460,440,520,480
1786823296.332 2287.247 OK hwmon10 mv=12184,12176,12184,12176,12176,12176 ma=460,480,460,440,520,480
1786823296.432 2287.348 OK hwmon10 mv=12184,12176,12184,12176,12176,12176 ma=460,480,460,440,520,480
1786823296.540 2287.456 OK hwmon10 mv=12184,12176,12184,12176,12176,12176 ma=460,480,460,440,520,480
1786823296.640 2287.556 OK hwmon10 mv=12184,12176,12184,12176,12176,12176 ma=460,480,460,440,520,480
1786823296.751 2287.667 OK hwmon10 mv=12184,12176,12184,12176,12176,12176 ma=460,480,460,440,520,480
1786823296.851 2287.767 OK hwmon10 mv=12184,12176,12184,12176,12176,12176 ma=460,480,460,440,520,480
1786823296.961 2287.877 OK hwmon10 mv=12184,12176,12184,12176,12176,12176 ma=460,480,460,440,520,480
1786823297.061 2287.977 OK hwmon10 mv=12184,12176,12184,12176,12176,12176 ma=460,480,460,440,520,480
1786823297.172 2288.088 OK hwmon10 mv=12184,12176,12184,12176,12176,12176 ma=460,480,460,440,520,480
1786823297.272 2288.188 OK hwmon10 mv=12184,12176,12184,12176,12176,12176 ma=460,480,440,420,520,480
1786823297.383 2288.299 OK hwmon10 mv=12184,12176,12184,12176,12176,12176 ma=460,480,440,420,520,480
1786823297.483 2288.399 OK hwmon10 mv=12184,12176,12184,12176,12176,12176 ma=460,480,440,420,520,480
1786823297.594 2288.510 OK hwmon10 mv=12184,12176,12184,12176,12176,12176 ma=460,480,440,420,520,480
1786823297.694 2288.610 OK hwmon10 mv=12184,12176,12184,12176,12176,12176 ma=460,480,440,420,520,480
1786823297.807 2288.723 OK hwmon10 mv=12184,12176,12184,12176,12176,12176 ma=460,480,440,420,520,480
1786823297.907 2288.823 OK hwmon10 mv=12184,12168,12184,12176,12176,12176 ma=460,480,440,420,520,480
1786823298.019 2288.935 OK hwmon10 mv=12184,12168,12184,12176,12176,12176 ma=460,480,440,420,520,480
1786823298.119 2289.035 OK hwmon10 mv=12184,12168,12184,12176,12176,12176 ma=460,480,440,420,520,480
1786823298.228 2289.144 OK hwmon10 mv=12184,12168,12184,12176,12176,12176 ma=460,480,440,420,520,480
1786823298.329 2289.244 OK hwmon10 mv=12184,12168,12184,12176,12176,12176 ma=460,480,440,420,520,480
1786823298.439 2289.355 OK hwmon10 mv=12184,12168,12184,12176,12176,12176 ma=460,480,440,420,520,480
1786823298.540 2289.455 OK hwmon10 mv=12184,12168,12184,12176,12176,12176 ma=460,460,440,420,520,480
1786823298.651 2289.567 OK hwmon10 mv=12184,12168,12184,12176,12176,12176 ma=460,460,440,420,520,480
1786823298.752 2289.668 OK hwmon10 mv=12184,12168,12184,12176,12176,12176 ma=460,460,440,420,520,480
1786823298.863 2289.779 OK hwmon10 mv=12184,12168,12184,12176,12176,12176 ma=460,460,440,420,520,480
1786823298.963 2289.879 OK hwmon10 mv=12184,12176,12184,12176,12176,12176 ma=460,460,440,420,520,480
1786823299.074 2289.990 OK hwmon10 mv=12184,12176,12184,12176,12176,12176 ma=460,460,440,420,520,480
1786823299.174 2290.090 OK hwmon10 mv=12184,12176,12184,12176,12176,12176 ma=460,460,440,420,520,480
1786823299.284 2290.200 OK hwmon10 mv=12184,12176,12184,12176,12176,12176 ma=460,460,440,420,520,480
1786823299.385 2290.300 OK hwmon10 mv=12184,12176,12184,12176,12176,12176 ma=460,460,440,420,520,480
1786823299.503 2290.419 OK hwmon10 mv=12184,12176,12184,12176,12176,12176 ma=460,460,440,420,520,480
1786823299.603 2290.519 OK hwmon10 mv=12184,12176,12184,12176,12176,12176 ma=460,460,440,420,500,480
1786823299.712 2290.627 OK hwmon10 mv=12184,12176,12184,12176,12176,12176 ma=460,460,440,420,500,480
1786823299.812 2290.728 OK hwmon10 mv=12184,12176,12184,12176,12176,12176 ma=460,460,440,420,500,480
1786823299.920 2290.836 OK hwmon10 mv=12184,12176,12184,12176,12176,12176 ma=460,460,440,420,500,480
