1786823323.673 2314.589 OK hwmon10 mv=12184,12176,12184,12176,12176,12176 ma=440,480,440,420,520,480
1786823323.773 2314.689 OK hwmon10 mv=12184,12176,12184,12176,12176,12176 ma=440,480,440,420,520,480
1786823323.873 2314.789 OK hwmon10 mv=12184,12176,12184,12176,12176,12176 ma=440,480,440,420,520,480
1786823323.974 2314.889 OK hwmon10 mv=12184,12176,12184,12176,12176,12176 ma=440,480,440,420,520,480
1786823324.074 2314.990 OK hwmon10 mv=12184,12176,12184,12176,12176,12176 ma=460,460,440,420,520,480
1786823324.174 2315.090 OK hwmon10 mv=12184,12176,12184,12176,12176,12176 ma=460,460,440,420,520,480
1786823324.274 2315.190 OK hwmon10 mv=12184,12176,12184,12176,12176,12176 ma=460,460,440,420,520,480
1786823324.375 2315.290 OK hwmon10 mv=12184,12176,12184,12176,12176,12176 ma=460,460,440,420,520,480
1786823324.475 2315.391 OK hwmon10 mv=12184,12176,12184,12176,12176,12176 ma=460,460,440,420,520,480
1786823324.575 2315.491 OK hwmon10 mv=12184,12176,12184,12176,12176,12176 ma=460,460,440,420,520,480
1786823324.675 2315.591 OK hwmon10 mv=12184,12176,12184,12176,12176,12176 ma=440,460,440,420,520,460
1786823324.776 2315.692 OK hwmon10 mv=12184,12176,12184,12176,12176,12176 ma=440,460,440,420,520,460
1786823324.876 2315.792 OK hwmon10 mv=12184,12176,12184,12176,12176,12176 ma=440,460,440,420,520,460
1786823324.976 2315.892 OK hwmon10 mv=12184,12176,12184,12176,12176,12176 ma=440,460,440,420,520,460
1786823325.077 2315.992 OK hwmon10 mv=12184,12176,12184,12176,12176,12176 ma=440,460,440,420,520,460
1786823325.177 2316.093 OK hwmon10 mv=12184,12176,12184,12176,12176,12176 ma=440,460,440,420,520,460
1786823325.277 2316.193 OK hwmon10 mv=12184,12176,12184,12176,12176,12176 ma=460,480,440,420,520,480
1786823325.377 2316.293 OK hwmon10 mv=12184,12176,12184,12176,12176,12176 ma=460,480,440,420,520,480
1786823325.478 2316.394 OK hwmon10 mv=12184,12176,12184,12176,12176,12176 ma=460,480,440,420,520,480
1786823325.578 2316.494 OK hwmon10 mv=12184,12176,12184,12176,12176,12176 ma=460,480,440,420,520,480
1786823325.678 2316.594 OK hwmon10 mv=12184,12176,12184,12176,12176,12176 ma=460,460,440,420,520,480
1786823325.782 2316.698 OK hwmon10 mv=12184,12176,12184,12176,12176,12176 ma=460,460,440,420,520,480
1786823325.882 2316.798 OK hwmon10 mv=12184,12176,12184,12176,12176,12176 ma=460,460,440,420,520,480
1786823325.993 2316.909 OK hwmon10 mv=12184,12176,12184,12176,12176,12176 ma=460,460,440,420,520,480
1786823326.093 2317.009 OK hwmon10 mv=12184,12176,12184,12176,12176,12176 ma=460,460,440,420,520,480
1786823326.204 2317.120 OK hwmon10 mv=12184,12176,12184,12176,12176,12176 ma=460,460,440,420,520,480
1786823326.305 2317.220 OK hwmon10 mv=12184,12176,12184,12176,12176,12176 ma=440,460,420,400,500,460
1786823326.411 2317.326 OK hwmon10 mv=12184,12176,12184,12176,12176,12176 ma=440,460,420,400,500,460
1786823326.511 2317.427 OK hwmon10 mv=12184,12176,12184,12176,12176,12176 ma=440,460,420,400,500,460
1786823326.621 2317.536 OK hwmon10 mv=12184,12176,12184,12176,12176,12176 ma=440,460,420,400,500,460
1786823326.721 2317.637 OK hwmon10 mv=12184,12176,12184,12176,12176,12176 ma=440,460,420,400,500,460
1786823326.829 2317.745 OK hwmon10 mv=12184,12176,12184,12176,12176,12176 ma=440,460,420,400,500,460
1786823326.930 2317.845 OK hwmon10 mv=12184,12176,12184,12176,12176,12176 ma=440,440,420,400,480,460
1786823327.039 2317.955 OK hwmon10 mv=12184,12176,12184,12176,12176,12176 ma=440,440,420,400,480,460
1786823327.139 2318.055 OK hwmon10 mv=12184,12176,12184,12176,12176,12176 ma=440,440,420,400,480,460
1786823327.248 2318.164 OK hwmon10 mv=12184,12176,12184,12176,12176,12176 ma=440,440,420,400,480,460
1786823327.348 2318.264 OK hwmon10 mv=12184,12176,12184,12176,12176,12176 ma=420,440,400,400,480,440
1786823327.459 2318.375 OK hwmon10 mv=12184,12176,12184,12176,12176,12176 ma=420,440,400,400,480,440
1786823327.559 2318.475 OK hwmon10 mv=12184,12176,12184,12176,12176,12176 ma=420,440,400,400,480,440
1786823327.670 2318.585 OK hwmon10 mv=12184,12176,12184,12176,12176,12176 ma=420,440,400,400,480,440
1786823327.770 2318.686 OK hwmon10 mv=12184,12176,12184,12176,12176,12176 ma=420,440,400,400,480,440
1786823327.878 2318.794 OK hwmon10 mv=12184,12176,12184,12176,12176,12176 ma=420,440,400,400,480,440
1786823327.978 2318.894 OK hwmon10 mv=12184,12176,12184,12176,12176,12176 ma=420,420,400,380,460,440
1786823328.089 2319.005 OK hwmon10 mv=12184,12176,12184,12176,12176,12176 ma=420,420,400,380,460,440
1786823328.190 2319.106 OK hwmon10 mv=12184,12176,12184,12176,12176,12176 ma=420,420,400,380,460,440
1786823328.298 2319.214 OK hwmon10 mv=12184,12176,12184,12176,12176,12176 ma=420,420,400,380,460,440
1786823328.398 2319.314 OK hwmon10 mv=12184,12176,12184,12176,12176,12176 ma=420,420,400,380,460,440
1786823328.509 2319.425 OK hwmon10 mv=12184,12176,12184,12176,12176,12176 ma=420,420,400,380,460,440
1786823328.609 2319.525 OK hwmon10 mv=12184,12176,12184,12176,12176,12176 ma=420,420,380,380,460,440
1786823328.717 2319.633 OK hwmon10 mv=12184,12176,12184,12176,12176,12176 ma=420,420,380,380,460,440
1786823328.818 2319.733 OK hwmon10 mv=12184,12176,12184,12176,12176,12176 ma=420,420,380,380,460,440
1786823328.925 2319.841 OK hwmon10 mv=12184,12176,12184,12176,12176,12176 ma=420,420,380,380,460,440
1786823329.025 2319.941 OK hwmon10 mv=12184,12176,12184,12176,12176,12176 ma=400,420,380,360,460,420
1786823329.134 2320.050 OK hwmon10 mv=12184,12176,12184,12176,12176,12176 ma=400,420,380,360,460,420
1786823329.234 2320.150 OK hwmon10 mv=12184,12176,12184,12176,12176,12176 ma=400,420,380,360,460,420
1786823329.344 2320.260 OK hwmon10 mv=12184,12176,12184,12176,12176,12176 ma=400,420,380,360,460,420
1786823329.445 2320.360 OK hwmon10 mv=12184,12176,12184,12176,12176,12176 ma=400,420,380,360,460,420
1786823329.555 2320.471 OK hwmon10 mv=12184,12176,12184,12176,12176,12176 ma=400,420,380,360,460,420
1786823329.656 2320.571 OK hwmon10 mv=12184,12176,12184,12176,12176,12176 ma=400,420,380,360,440,420
1786823329.763 2320.678 OK hwmon10 mv=12184,12176,12184,12176,12176,12176 ma=400,420,380,360,440,420
1786823329.863 2320.779 EIO hwmon10 errno=EIO
1786823332.516 2323.431 EIO hwmon10 errno=EIO
1786823332.616 2323.532 EIO hwmon10 errno=EIO
1786823332.716 2323.632 EIO hwmon10 errno=EIO
1786823332.816 2323.732 EIO hwmon10 errno=EIO
1786823332.916 2323.832 EIO hwmon10 errno=EIO
1786823333.017 2323.932 EIO hwmon10 errno=EIO
1786823333.117 2324.033 EIO hwmon10 errno=EIO
1786823333.217 2324.133 EIO hwmon10 errno=EIO
1786823333.317 2324.233 EIO hwmon10 errno=EIO
1786823333.418 2324.333 EIO hwmon10 errno=EIO
1786823333.518 2324.433 EIO hwmon10 errno=EIO
1786823333.618 2324.534 EIO hwmon10 errno=EIO
1786823371.234 2329.665 EIO hwmon10 errno=EIO
1786823371.334 2329.765 OK hwmon10 mv=12176,12168,12176,12168,12168,12168 ma=680,700,680,640,760,700
1786823372.408 2330.839 OK hwmon10 mv=12176,12168,12176,12168,12168,12168 ma=680,700,680,640,760,700
1786823372.508 2330.939 OK hwmon10 mv=12168,12160,12168,12160,12160,12168 ma=780,800,780,740,860,820
1786823372.673 2331.104 OK hwmon10 mv=12168,12160,12168,12160,12160,12168 ma=780,800,780,740,860,820
1786823372.773 2331.204 OK hwmon10 mv=12168,12160,12168,12160,12160,12168 ma=780,800,780,740,860,820
1786823372.877 2331.308 OK hwmon10 mv=12168,12160,12168,12160,12160,12168 ma=780,800,780,740,860,820
1786823372.978 2331.409 OK hwmon10 mv=12168,12152,12168,12160,12160,12160 ma=920,940,920,880,1020,960
1786823373.083 2331.514 OK hwmon10 mv=12168,12152,12168,12160,12160,12160 ma=920,940,920,880,1020,960
1786823373.183 2331.614 OK hwmon10 mv=12168,12152,12168,12160,12160,12160 ma=920,940,920,880,1020,960
1786823373.288 2331.719 OK hwmon10 mv=12168,12152,12168,12160,12160,12160 ma=920,940,920,880,1020,960
1786823373.388 2331.819 OK hwmon10 mv=12168,12152,12168,12160,12160,12160 ma=920,940,920,880,1020,960
1786823373.493 2331.924 OK hwmon10 mv=12168,12152,12168,12160,12160,12160 ma=920,940,920,880,1020,960
1786823373.593 2332.024 OK hwmon10 mv=12160,12152,12160,12152,12152,12160 ma=980,1020,1000,960,1100,1040
1786823373.698 2332.129 OK hwmon10 mv=12160,12152,12160,12152,12152,12160 ma=980,1020,1000,960,1100,1040
1786823373.798 2332.229 OK hwmon10 mv=12160,12152,12160,12152,12152,12160 ma=980,1020,1000,960,1100,1040
1786823373.903 2332.334 OK hwmon10 mv=12160,12152,12160,12152,12152,12160 ma=980,1020,1000,960,1100,1040
1786823374.004 2332.435 OK hwmon10 mv=12160,12152,12160,12152,12152,12160 ma=980,1020,1000,960,1100,1040
1786823374.108 2332.539 OK hwmon10 mv=12160,12152,12160,12152,12152,12160 ma=980,1020,1000,960,1100,1040
1786823374.209 2332.640 OK hwmon10 mv=12160,12152,12160,12152,12152,12160 ma=1040,1060,1060,1020,1160,1080
1786823374.313 2332.744 OK hwmon10 mv=12160,12152,12160,12152,12152,12160 ma=1040,1060,1060,1020,1160,1080
1786823374.414 2332.845 OK hwmon10 mv=12160,12152,12160,12152,12152,12160 ma=1040,1060,1060,1020,1160,1080
1786823374.519 2332.950 OK hwmon10 mv=12160,12152,12160,12152,12152,12160 ma=1040,1060,1060,1020,1160,1080
1786823374.619 2333.050 OK hwmon10 mv=12160,12152,12160,12152,12152,12160 ma=1040,1060,1060,1020,1160,1080
1786823374.724 2333.155 OK hwmon10 mv=12160,12152,12160,12152,12152,12160 ma=1040,1060,1060,1020,1160,1080
1786823374.824 2333.255 OK hwmon10 mv=12160,12152,12160,12152,12152,12160 ma=1060,1080,1100,1040,1180,1100
1786823374.929 2333.360 OK hwmon10 mv=12160,12152,12160,12152,12152,12160 ma=1060,1080,1100,1040,1180,1100
1786823375.029 2333.460 OK hwmon10 mv=12160,12152,12160,12152,12152,12160 ma=1060,1080,1100,1040,1180,1100
1786823375.134 2333.565 OK hwmon10 mv=12160,12152,12160,12152,12152,12160 ma=1060,1080,1100,1040,1180,1100
1786823375.234 2333.665 OK hwmon10 mv=12160,12152,12160,12152,12152,12160 ma=1020,1060,1060,1020,1160,1080
1786823375.339 2333.770 OK hwmon10 mv=12160,12152,12160,12152,12152,12160 ma=1020,1060,1060,1020,1160,1080
1786823375.439 2333.870 OK hwmon10 mv=12160,12152,12160,12152,12152,12160 ma=1020,1060,1060,1020,1160,1080
1786823375.544 2333.975 OK hwmon10 mv=12160,12152,12160,12152,12152,12160 ma=1020,1060,1060,1020,1160,1080
1786823375.644 2334.075 OK hwmon10 mv=12160,12152,12160,12152,12152,12160 ma=1020,1060,1060,1020,1160,1080
1786823375.749 2334.180 OK hwmon10 mv=12160,12152,12160,12152,12152,12160 ma=1020,1060,1060,1020,1160,1080
1786823375.849 2334.280 OK hwmon10 mv=12160,12152,12160,12160,12152,12160 ma=1000,1040,1040,1000,1140,1060
1786823375.954 2334.385 OK hwmon10 mv=12160,12152,12160,12160,12152,12160 ma=1000,1040,1040,1000,1140,1060
1786823376.054 2334.485 OK hwmon10 mv=12160,12152,12160,12160,12152,12160 ma=1000,1040,1040,1000,1140,1060
1786823376.159 2334.590 OK hwmon10 mv=12160,12152,12160,12160,12152,12160 ma=1000,1040,1040,1000,1140,1060
1786823376.260 2334.691 OK hwmon10 mv=12160,12152,12160,12160,12152,12160 ma=1000,1040,1040,1000,1140,1060
1786823376.365 2334.796 OK hwmon10 mv=12160,12152,12160,12160,12152,12160 ma=1000,1040,1040,1000,1140,1060
1786823376.465 2334.896 OK hwmon10 mv=12160,12152,12160,12160,12152,12160 ma=1000,1020,1020,980,1120,1040
1786823376.570 2335.001 OK hwmon10 mv=12160,12152,12160,12160,12152,12160 ma=1000,1020,1020,980,1120,1040
1786823376.670 2335.101 OK hwmon10 mv=12160,12152,12160,12160,12152,12160 ma=1000,1020,1020,980,1120,1040
1786823376.775 2335.206 OK hwmon10 mv=12160,12152,12160,12160,12152,12160 ma=1000,1020,1020,980,1120,1040
1786823376.876 2335.307 OK hwmon10 mv=12168,12152,12168,12160,12160,12160 ma=980,1000,1000,960,1100,1020
1786823376.981 2335.412 OK hwmon10 mv=12168,12152,12168,12160,12160,12160 ma=980,1000,1000,960,1100,1020
1786823377.081 2335.512 OK hwmon10 mv=12168,12152,12168,12160,12160,12160 ma=980,1000,1000,960,1100,1020
1786823377.186 2335.617 OK hwmon10 mv=12168,12152,12168,12160,12160,12160 ma=980,1000,1000,960,1100,1020
1786823377.286 2335.717 OK hwmon10 mv=12168,12152,12168,12160,12160,12160 ma=980,1000,1000,960,1100,1020
1786823377.391 2335.822 OK hwmon10 mv=12168,12152,12168,12160,12160,12160 ma=980,1000,1000,960,1100,1020
1786823377.492 2335.923 OK hwmon10 mv=12168,12152,12168,12160,12160,12160 ma=960,1000,1000,960,1080,1020
1786823377.596 2336.027 OK hwmon10 mv=12168,12152,12168,12160,12160,12160 ma=960,1000,1000,960,1080,1020
1786823377.697 2336.128 OK hwmon10 mv=12168,12152,12168,12160,12160,12160 ma=960,1000,1000,960,1080,1020
1786823377.801 2336.232 OK hwmon10 mv=12168,12152,12168,12160,12160,12160 ma=960,1000,1000,960,1080,1020
1786823377.902 2336.333 OK hwmon10 mv=12168,12152,12168,12160,12160,12160 ma=960,1000,1000,960,1080,1020
1786823378.007 2336.438 OK hwmon10 mv=12168,12152,12168,12160,12160,12160 ma=960,1000,1000,960,1080,1020
1786823378.107 2336.538 OK hwmon10 mv=12168,12152,12168,12160,12160,12160 ma=960,980,1000,940,1080,1000
1786823378.212 2336.643 OK hwmon10 mv=12168,12152,12168,12160,12160,12160 ma=960,980,1000,940,1080,1000
1786823378.313 2336.744 OK hwmon10 mv=12168,12152,12168,12160,12160,12160 ma=960,980,1000,940,1080,1000
1786823378.418 2336.849 OK hwmon10 mv=12168,12152,12168,12160,12160,12160 ma=960,980,1000,940,1080,1000
1786823378.518 2336.949 OK hwmon10 mv=12168,12152,12168,12160,12160,12160 ma=960,980,1000,940,1080,1000
1786823378.623 2337.054 OK hwmon10 mv=12168,12152,12168,12160,12160,12160 ma=960,980,1000,940,1080,1000
1786823378.723 2337.154 OK hwmon10 mv=12168,12152,12168,12160,12160,12160 ma=960,980,1000,940,1080,1000
1786823378.828 2337.259 OK hwmon10 mv=12168,12152,12168,12160,12160,12160 ma=960,980,1000,940,1080,1000
1786823378.928 2337.359 OK hwmon10 mv=12168,12152,12168,12160,12160,12160 ma=960,980,1000,940,1080,1000
1786823379.033 2337.464 OK hwmon10 mv=12168,12152,12168,12160,12160,12160 ma=960,980,1000,940,1080,1000
1786823379.134 2337.565 OK hwmon10 mv=12168,12152,12168,12160,12160,12160 ma=960,980,1000,940,1080,1000
1786823379.238 2337.670 OK hwmon10 mv=12168,12152,12168,12160,12160,12160 ma=960,980,1000,940,1080,1000
1786823379.339 2337.770 OK hwmon10 mv=12168,12152,12168,12160,12160,12160 ma=960,980,1000,940,1080,1000
1786823379.443 2337.874 OK hwmon10 mv=12168,12152,12168,12160,12160,12160 ma=960,980,1000,940,1080,1000
1786823379.544 2337.975 OK hwmon10 mv=12168,12152,12168,12160,12160,12160 ma=960,980,1000,940,1080,1000
1786823379.648 2338.079 OK hwmon10 mv=12168,12152,12168,12160,12160,12160 ma=960,980,1000,940,1080,1000
1786823379.749 2338.180 OK hwmon10 mv=12168,12152,12168,12160,12160,12160 ma=940,960,980,940,1060,1000
1786823379.854 2338.285 OK hwmon10 mv=12168,12152,12168,12160,12160,12160 ma=940,960,980,940,1060,1000
1786823379.954 2338.385 OK hwmon10 mv=12168,12152,12168,12160,12160,12160 ma=940,960,980,940,1060,1000
1786823380.059 2338.490 OK hwmon10 mv=12168,12152,12168,12160,12160,12160 ma=940,960,980,940,1060,1000
1786823380.159 2338.590 OK hwmon10 mv=12168,12152,12168,12160,12160,12160 ma=940,960,980,940,1060,1000
1786823380.264 2338.695 OK hwmon10 mv=12168,12152,12168,12160,12160,12160 ma=940,960,980,940,1060,1000
1786823380.364 2338.795 OK hwmon10 mv=12168,12152,12168,12160,12160,12160 ma=940,960,980,940,1060,980
1786823380.469 2338.900 OK hwmon10 mv=12168,12152,12168,12160,12160,12160 ma=940,960,980,940,1060,980
1786823380.569 2339.000 OK hwmon10 mv=12168,12152,12168,12160,12160,12160 ma=940,960,980,940,1060,980
1786823380.674 2339.105 OK hwmon10 mv=12168,12152,12168,12160,12160,12160 ma=940,960,980,940,1060,980
1786823380.775 2339.206 OK hwmon10 mv=12160,12152,12160,12160,12152,12160 ma=940,980,980,940,1060,1000
1786823380.879 2339.310 OK hwmon10 mv=12160,12152,12160,12160,12152,12160 ma=940,980,980,940,1060,1000
1786823380.980 2339.411 OK hwmon10 mv=12160,12152,12160,12160,12152,12160 ma=940,980,980,940,1060,1000
1786823381.084 2339.515 OK hwmon10 mv=12160,12152,12160,12160,12152,12160 ma=940,980,980,940,1060,1000
1786823381.185 2339.616 OK hwmon10 mv=12160,12152,12160,12160,12152,12160 ma=940,980,980,940,1060,1000
1786823381.290 2339.721 OK hwmon10 mv=12160,12152,12160,12160,12152,12160 ma=940,980,980,940,1060,1000
1786823381.390 2339.821 OK hwmon10 mv=12168,12152,12168,12160,12152,12160 ma=940,960,980,920,1060,980
1786823381.495 2339.926 OK hwmon10 mv=12168,12152,12168,12160,12152,12160 ma=940,960,980,920,1060,980
1786823381.595 2340.026 OK hwmon10 mv=12168,12152,12168,12160,12152,12160 ma=940,960,980,920,1060,980
1786823381.700 2340.131 OK hwmon10 mv=12168,12152,12168,12160,12152,12160 ma=940,960,980,920,1060,980
1786823381.800 2340.231 OK hwmon10 mv=12168,12152,12168,12160,12152,12160 ma=940,960,980,920,1060,980
1786823381.905 2340.336 OK hwmon10 mv=12168,12152,12168,12160,12152,12160 ma=940,960,980,920,1060,980
1786823382.005 2340.436 OK hwmon10 mv=12168,12152,12168,12160,12160,12160 ma=940,960,980,940,1060,980
1786823382.110 2340.541 OK hwmon10 mv=12168,12152,12168,12160,12160,12160 ma=940,960,980,940,1060,980
1786823382.211 2340.642 OK hwmon10 mv=12168,12152,12168,12160,12160,12160 ma=940,960,980,940,1060,980
1786823382.315 2340.747 OK hwmon10 mv=12168,12152,12168,12160,12160,12160 ma=940,960,980,940,1060,980
1786823382.416 2340.847 OK hwmon10 mv=12168,12152,12168,12160,12160,12160 ma=940,960,980,940,1060,980
1786823382.521 2340.952 OK hwmon10 mv=12168,12152,12168,12160,12160,12160 ma=940,960,980,940,1060,980
1786823382.621 2341.052 OK hwmon10 mv=12168,12152,12168,12160,12160,12160 ma=940,960,980,940,1060,980
1786823382.727 2341.159 OK hwmon10 mv=12168,12152,12168,12160,12160,12160 ma=940,960,980,940,1060,980
1786823382.828 2341.259 OK hwmon10 mv=12168,12152,12168,12160,12160,12160 ma=940,960,980,940,1060,980
1786823382.934 2341.365 OK hwmon10 mv=12168,12152,12168,12160,12160,12160 ma=940,960,980,940,1060,980
1786823383.034 2341.465 OK hwmon10 mv=12168,12160,12168,12160,12160,12160 ma=860,880,880,840,960,900
1786823383.140 2341.571 OK hwmon10 mv=12168,12160,12168,12160,12160,12160 ma=860,880,880,840,960,900
1786823383.240 2341.671 OK hwmon10 mv=12168,12160,12168,12160,12160,12160 ma=860,880,880,840,960,900
1786823383.346 2341.777 OK hwmon10 mv=12168,12160,12168,12160,12160,12160 ma=860,880,880,840,960,900
1786823383.446 2341.877 OK hwmon10 mv=12168,12160,12168,12160,12160,12160 ma=860,880,880,840,960,900
1786823383.552 2341.983 OK hwmon10 mv=12168,12160,12168,12160,12160,12160 ma=860,880,880,840,960,900
1786823383.652 2342.083 OK hwmon10 mv=12168,12160,12168,12168,12160,12168 ma=760,780,780,740,860,800
1786823383.758 2342.189 OK hwmon10 mv=12168,12160,12168,12168,12160,12168 ma=760,780,780,740,860,800
1786823383.858 2342.289 OK hwmon10 mv=12168,12160,12168,12168,12160,12168 ma=760,780,780,740,860,800
1786823383.964 2342.395 OK hwmon10 mv=12168,12160,12168,12168,12160,12168 ma=760,780,780,740,860,800
1786823384.064 2342.495 OK hwmon10 mv=12168,12160,12168,12168,12160,12168 ma=760,780,780,740,860,800
1786823384.170 2342.601 OK hwmon10 mv=12168,12160,12168,12168,12160,12168 ma=760,780,780,740,860,800
1786823384.270 2342.701 OK hwmon10 mv=12176,12168,12176,12168,12168,12168 ma=680,680,680,660,760,700
1786823384.376 2342.807 OK hwmon10 mv=12176,12168,12176,12168,12168,12168 ma=680,680,680,660,760,700
1786823384.476 2342.907 OK hwmon10 mv=12176,12168,12176,12168,12168,12168 ma=680,680,680,660,760,700
1786823384.582 2343.013 OK hwmon10 mv=12176,12168,12176,12168,12168,12168 ma=680,680,680,660,760,700
1786823384.683 2343.114 OK hwmon10 mv=12176,12168,12176,12168,12168,12176 ma=600,620,600,580,680,620
1786823384.788 2343.219 OK hwmon10 mv=12176,12168,12176,12168,12168,12176 ma=600,620,600,580,680,620
1786823384.889 2343.320 OK hwmon10 mv=12176,12168,12176,12168,12168,12176 ma=600,620,600,580,680,620
1786823384.995 2343.426 OK hwmon10 mv=12176,12168,12176,12168,12168,12176 ma=600,620,600,580,680,620
1786823385.095 2343.526 OK hwmon10 mv=12176,12168,12176,12168,12168,12176 ma=600,620,600,580,680,620
1786823385.201 2343.632 OK hwmon10 mv=12176,12168,12176,12168,12168,12176 ma=600,620,600,580,680,620
1786823385.301 2343.732 OK hwmon10 mv=12176,12168,12176,12176,12168,12176 ma=540,560,540,520,600,560
1786823385.408 2343.839 OK hwmon10 mv=12176,12168,12176,12176,12168,12176 ma=540,560,540,520,600,560
1786823385.508 2343.939 OK hwmon10 mv=12176,12168,12176,12176,12168,12176 ma=540,560,540,520,600,560
1786823385.614 2344.045 OK hwmon10 mv=12176,12168,12176,12176,12168,12176 ma=540,560,540,520,600,560
1786823385.714 2344.145 OK hwmon10 mv=12176,12168,12176,12176,12168,12176 ma=540,560,540,520,600,560
1786823385.820 2344.251 OK hwmon10 mv=12176,12168,12176,12176,12168,12176 ma=540,560,540,520,600,560
1786823385.921 2344.352 OK hwmon10 mv=12184,12176,12184,12176,12176,12176 ma=500,500,500,480,560,520
1786823386.027 2344.458 OK hwmon10 mv=12184,12176,12184,12176,12176,12176 ma=500,500,500,480,560,520
1786823386.127 2344.558 OK hwmon10 mv=12184,12176,12184,12176,12176,12176 ma=500,500,500,480,560,520
1786823386.238 2344.669 OK hwmon10 mv=12184,12176,12184,12176,12176,12176 ma=500,500,500,480,560,520
1786823386.338 2344.769 OK hwmon10 mv=12176,12168,12184,12176,12176,12176 ma=460,480,460,440,520,480
1786823386.444 2344.875 OK hwmon10 mv=12176,12168,12184,12176,12176,12176 ma=460,480,460,440,520,480
1786823386.544 2344.975 OK hwmon10 mv=12176,12168,12184,12176,12176,12176 ma=460,480,460,440,520,480
1786823386.661 2345.092 OK hwmon10 mv=12176,12168,12184,12176,12176,12176 ma=460,480,460,440,520,480
1786823386.762 2345.193 OK hwmon10 mv=12176,12168,12184,12176,12176,12176 ma=460,480,460,440,520,480
1786823386.867 2345.298 OK hwmon10 mv=12176,12168,12184,12176,12176,12176 ma=460,480,460,440,520,480
1786823386.967 2345.398 OK hwmon10 mv=12176,12168,12176,12168,12168,12168 ma=640,640,640,600,720,660
1786823387.072 2345.503 OK hwmon10 mv=12176,12168,12176,12168,12168,12168 ma=640,640,640,600,720,660
1786823387.173 2345.604 OK hwmon10 mv=12176,12168,12176,12168,12168,12168 ma=640,640,640,600,720,660
1786823387.277 2345.709 OK hwmon10 mv=12176,12168,12176,12168,12168,12168 ma=640,640,640,600,720,660
1786823387.378 2345.809 OK hwmon10 mv=12176,12168,12176,12168,12168,12168 ma=640,640,640,600,720,660
1786823387.483 2345.914 OK hwmon10 mv=12176,12168,12176,12168,12168,12168 ma=640,640,640,600,720,660
1786823387.584 2346.015 OK hwmon10 mv=12168,12160,12168,12160,12160,12160 ma=780,800,800,760,880,820
1786823387.689 2346.120 OK hwmon10 mv=12168,12160,12168,12160,12160,12160 ma=780,800,800,760,880,820
1786823387.789 2346.220 OK hwmon10 mv=12168,12160,12168,12160,12160,12160 ma=780,800,800,760,880,820
1786823387.894 2346.325 OK hwmon10 mv=12168,12160,12168,12160,12160,12160 ma=780,800,800,760,880,820
1786823387.994 2346.425 OK hwmon10 mv=12168,12160,12168,12160,12160,12160 ma=780,800,800,760,880,820
1786823388.099 2346.530 OK hwmon10 mv=12168,12160,12168,12160,12160,12160 ma=780,800,800,760,880,820
1786823388.200 2346.631 OK hwmon10 mv=12160,12152,12168,12160,12160,12160 ma=900,920,940,900,1020,960
1786823388.305 2346.736 OK hwmon10 mv=12160,12152,12168,12160,12160,12160 ma=900,920,940,900,1020,960
1786823388.405 2346.836 OK hwmon10 mv=12160,12152,12168,12160,12160,12160 ma=900,920,940,900,1020,960
1786823388.510 2346.941 OK hwmon10 mv=12160,12152,12168,12160,12160,12160 ma=900,920,940,900,1020,960
1786823388.611 2347.042 OK hwmon10 mv=12160,12152,12168,12160,12160,12160 ma=960,980,980,940,1060,1000
1786823388.716 2347.147 OK hwmon10 mv=12160,12152,12168,12160,12160,12160 ma=960,980,980,940,1060,1000
1786823388.816 2347.247 OK hwmon10 mv=12160,12152,12168,12160,12160,12160 ma=960,980,980,940,1060,1000
1786823388.922 2347.353 OK hwmon10 mv=12160,12152,12168,12160,12160,12160 ma=960,980,980,940,1060,1000
1786823389.022 2347.453 OK hwmon10 mv=12160,12152,12168,12160,12160,12160 ma=960,980,980,940,1060,1000
1786823389.127 2347.558 OK hwmon10 mv=12160,12152,12168,12160,12160,12160 ma=960,980,980,940,1060,1000
1786823389.228 2347.659 OK hwmon10 mv=12168,12160,12168,12160,12160,12160 ma=860,880,880,840,960,900
1786823389.336 2347.767 OK hwmon10 mv=12168,12160,12168,12160,12160,12160 ma=860,880,880,840,960,900
1786823389.436 2347.867 OK hwmon10 mv=12168,12160,12168,12160,12160,12160 ma=860,880,880,840,960,900
1786823389.545 2347.976 OK hwmon10 mv=12168,12160,12168,12160,12160,12160 ma=860,880,880,840,960,900
1786823389.645 2348.076 OK hwmon10 mv=12168,12160,12168,12160,12160,12160 ma=860,880,880,840,960,900
1786823389.752 2348.183 OK hwmon10 mv=12168,12160,12168,12160,12160,12160 ma=860,880,880,840,960,900
1786823389.853 2348.284 OK hwmon10 mv=12168,12160,12168,12160,12160,12168 ma=780,800,800,760,880,820
1786823389.960 2348.391 OK hwmon10 mv=12168,12160,12168,12160,12160,12168 ma=780,800,800,760,880,820
1786823390.061 2348.492 OK hwmon10 mv=12168,12160,12168,12160,12160,12168 ma=780,800,800,760,880,820
1786823390.169 2348.600 OK hwmon10 mv=12168,12160,12168,12160,12160,12168 ma=780,800,800,760,880,820
1786823390.269 2348.700 OK hwmon10 mv=12168,12160,12176,12168,12168,12168 ma=720,740,740,700,820,760
1786823390.378 2348.809 OK hwmon10 mv=12168,12160,12176,12168,12168,12168 ma=720,740,740,700,820,760
1786823390.478 2348.909 OK hwmon10 mv=12168,12160,12176,12168,12168,12168 ma=720,740,740,700,820,760
1786823390.587 2349.018 OK hwmon10 mv=12168,12160,12176,12168,12168,12168 ma=720,740,740,700,820,760
1786823390.687 2349.118 OK hwmon10 mv=12168,12160,12176,12168,12168,12168 ma=720,740,740,700,820,760
1786823390.794 2349.225 OK hwmon10 mv=12168,12160,12176,12168,12168,12168 ma=720,740,740,700,820,760
1786823390.895 2349.326 OK hwmon10 mv=12176,12168,12176,12168,12168,12168 ma=680,680,680,660,760,700
1786823391.002 2349.433 OK hwmon10 mv=12176,12168,12176,12168,12168,12168 ma=680,680,680,660,760,700
1786823391.102 2349.533 OK hwmon10 mv=12176,12168,12176,12168,12168,12168 ma=680,680,680,660,760,700
1786823391.210 2349.641 OK hwmon10 mv=12176,12168,12176,12168,12168,12168 ma=680,680,680,660,760,700
1786823391.311 2349.742 OK hwmon10 mv=12176,12168,12176,12168,12168,12168 ma=680,680,680,660,760,700
1786823391.419 2349.850 OK hwmon10 mv=12176,12168,12176,12168,12168,12168 ma=680,680,680,660,760,700
1786823391.520 2349.951 OK hwmon10 mv=12176,12168,12176,12168,12168,12168 ma=640,640,640,620,700,660
1786823391.628 2350.059 OK hwmon10 mv=12176,12168,12176,12168,12168,12168 ma=640,640,640,620,700,660
1786823391.728 2350.159 OK hwmon10 mv=12176,12168,12176,12168,12168,12168 ma=640,640,640,620,700,660
1786823391.836 2350.267 OK hwmon10 mv=12176,12168,12176,12168,12168,12168 ma=640,640,640,620,700,660
1786823391.936 2350.367 OK hwmon10 mv=12176,12168,12176,12168,12168,12168 ma=600,620,600,580,680,640
1786823392.047 2350.478 OK hwmon10 mv=12176,12168,12176,12168,12168,12168 ma=600,620,600,580,680,640
1786823392.148 2350.579 OK hwmon10 mv=12176,12168,12176,12168,12168,12168 ma=600,620,600,580,680,640
1786823392.258 2350.689 OK hwmon10 mv=12176,12168,12176,12168,12168,12168 ma=600,620,600,580,680,640
1786823392.359 2350.790 OK hwmon10 mv=12176,12168,12176,12168,12168,12168 ma=600,620,600,580,680,640
1786823392.472 2350.903 OK hwmon10 mv=12176,12168,12176,12168,12168,12168 ma=600,620,600,580,680,640
1786823392.572 2351.003 OK hwmon10 mv=12176,12168,12176,12168,12168,12168 ma=580,600,580,540,660,620
1786823392.685 2351.116 OK hwmon10 mv=12176,12168,12176,12168,12168,12168 ma=580,600,580,540,660,620
1786823392.785 2351.216 OK hwmon10 mv=12176,12168,12176,12168,12168,12168 ma=580,600,580,540,660,620
1786823392.895 2351.326 OK hwmon10 mv=12176,12168,12176,12168,12168,12168 ma=580,600,580,540,660,620
1786823392.996 2351.427 OK hwmon10 mv=12176,12168,12176,12168,12168,12168 ma=580,600,580,540,660,620
1786823393.107 2351.538 OK hwmon10 mv=12176,12168,12176,12168,12168,12168 ma=580,600,580,540,660,620
1786823393.207 2351.638 OK hwmon10 mv=12176,12168,12176,12168,12168,12176 ma=560,560,560,520,620,580
1786823393.318 2351.749 OK hwmon10 mv=12176,12168,12176,12168,12168,12176 ma=560,560,560,520,620,580
1786823393.418 2351.849 OK hwmon10 mv=12176,12168,12176,12168,12168,12176 ma=560,560,560,520,620,580
1786823393.527 2351.958 OK hwmon10 mv=12176,12168,12176,12168,12168,12176 ma=560,560,560,520,620,580
1786823393.627 2352.058 OK hwmon10 mv=12176,12168,12176,12168,12168,12176 ma=540,560,540,500,600,560
1786823393.737 2352.168 OK hwmon10 mv=12176,12168,12176,12168,12168,12176 ma=540,560,540,500,600,560
1786823393.838 2352.269 OK hwmon10 mv=12176,12168,12176,12168,12168,12176 ma=540,560,540,500,600,560
1786823393.949 2352.380 OK hwmon10 mv=12176,12168,12176,12168,12168,12176 ma=540,560,540,500,600,560
1786823394.049 2352.480 OK hwmon10 mv=12176,12168,12176,12168,12168,12176 ma=540,560,540,500,600,560
1786823394.157 2352.588 OK hwmon10 mv=12176,12168,12176,12168,12168,12176 ma=540,560,540,500,600,560
1786823394.258 2352.689 OK hwmon10 mv=12176,12168,12176,12168,12168,12176 ma=520,520,500,480,580,540
1786823394.366 2352.797 OK hwmon10 mv=12176,12168,12176,12168,12168,12176 ma=520,520,500,480,580,540
1786823394.466 2352.897 OK hwmon10 mv=12176,12168,12176,12168,12168,12176 ma=520,520,500,480,580,540
1786823394.575 2353.006 OK hwmon10 mv=12176,12168,12176,12168,12168,12176 ma=520,520,500,480,580,540
1786823394.675 2353.106 OK hwmon10 mv=12176,12168,12176,12168,12168,12176 ma=520,520,500,480,580,540
1786823394.784 2353.215 OK hwmon10 mv=12176,12168,12176,12168,12168,12176 ma=520,520,500,480,580,540
1786823394.884 2353.315 OK hwmon10 mv=12176,12168,12176,12176,12168,12176 ma=480,500,480,460,560,520
1786823394.994 2353.425 OK hwmon10 mv=12176,12168,12176,12176,12168,12176 ma=480,500,480,460,560,520
1786823395.094 2353.525 OK hwmon10 mv=12176,12168,12176,12176,12168,12176 ma=480,500,480,460,560,520
1786823395.204 2353.635 OK hwmon10 mv=12176,12168,12176,12176,12168,12176 ma=480,500,480,460,560,520
1786823395.305 2353.736 OK hwmon10 mv=12176,12168,12184,12176,12168,12176 ma=480,480,460,440,540,500
1786823395.416 2353.847 OK hwmon10 mv=12176,12168,12184,12176,12168,12176 ma=480,480,460,440,540,500
1786823395.516 2353.947 OK hwmon10 mv=12176,12168,12184,12176,12168,12176 ma=480,480,460,440,540,500
1786823395.627 2354.058 OK hwmon10 mv=12176,12168,12184,12176,12168,12176 ma=480,480,460,440,540,500
1786823395.727 2354.158 OK hwmon10 mv=12176,12168,12184,12176,12168,12176 ma=480,480,460,440,540,500
1786823395.838 2354.269 OK hwmon10 mv=12176,12168,12184,12176,12168,12176 ma=480,480,460,440,540,500
1786823395.938 2354.369 OK hwmon10 mv=12184,12168,12184,12176,12176,12176 ma=460,480,440,420,520,480
1786823396.044 2354.475 OK hwmon10 mv=12184,12168,12184,12176,12176,12176 ma=460,480,440,420,520,480
1786823396.144 2354.575 OK hwmon10 mv=12184,12168,12184,12176,12176,12176 ma=460,480,440,420,520,480
1786823396.253 2354.684 OK hwmon10 mv=12184,12168,12184,12176,12176,12176 ma=460,480,440,420,520,480
1786823396.353 2354.784 OK hwmon10 mv=12184,12168,12184,12176,12176,12176 ma=460,480,440,420,520,480
1786823396.463 2354.894 OK hwmon10 mv=12184,12168,12184,12176,12176,12176 ma=460,480,440,420,520,480
1786823396.563 2354.994 OK hwmon10 mv=12184,12168,12184,12176,12176,12176 ma=440,460,440,420,500,460
1786823396.673 2355.104 OK hwmon10 mv=12184,12168,12184,12176,12176,12176 ma=440,460,440,420,500,460
1786823396.774 2355.205 OK hwmon10 mv=12184,12168,12184,12176,12176,12176 ma=440,460,440,420,500,460
1786823396.884 2355.315 OK hwmon10 mv=12184,12168,12184,12176,12176,12176 ma=440,460,440,420,500,460
1786823396.985 2355.416 OK hwmon10 mv=12184,12176,12184,12176,12176,12176 ma=440,440,420,400,500,460
1786823397.095 2355.526 OK hwmon10 mv=12184,12176,12184,12176,12176,12176 ma=440,440,420,400,500,460
1786823397.195 2355.626 OK hwmon10 mv=12184,12176,12184,12176,12176,12176 ma=440,440,420,400,500,460
1786823397.304 2355.735 OK hwmon10 mv=12184,12176,12184,12176,12176,12176 ma=440,440,420,400,500,460
1786823397.404 2355.835 OK hwmon10 mv=12184,12176,12184,12176,12176,12176 ma=440,440,420,400,500,460
1786823397.514 2355.945 OK hwmon10 mv=12184,12176,12184,12176,12176,12176 ma=440,440,420,400,500,460
1786823397.615 2356.046 OK hwmon10 mv=12184,12168,12184,12176,12176,12176 ma=440,440,420,400,480,460
1786823397.725 2356.156 OK hwmon10 mv=12184,12168,12184,12176,12176,12176 ma=440,440,420,400,480,460
1786823397.826 2356.257 OK hwmon10 mv=12184,12168,12184,12176,12176,12176 ma=440,440,420,400,480,460
1786823397.935 2356.366 OK hwmon10 mv=12184,12168,12184,12176,12176,12176 ma=440,440,420,400,480,460
1786823398.035 2356.466 OK hwmon10 mv=12184,12168,12184,12176,12176,12176 ma=440,440,420,400,480,460
1786823398.147 2356.578 OK hwmon10 mv=12184,12168,12184,12176,12176,12176 ma=440,440,420,400,480,460
1786823398.248 2356.679 OK hwmon10 mv=12184,12176,12184,12176,12176,12176 ma=440,440,420,400,480,440
1786823398.358 2356.789 OK hwmon10 mv=12184,12176,12184,12176,12176,12176 ma=440,440,420,400,480,440
1786823398.459 2356.890 OK hwmon10 mv=12184,12176,12184,12176,12176,12176 ma=440,440,420,400,480,440
1786823398.569 2357.000 OK hwmon10 mv=12184,12176,12184,12176,12176,12176 ma=440,440,420,400,480,440
1786823398.670 2357.101 OK hwmon10 mv=12184,12176,12184,12176,12176,12176 ma=440,440,420,400,480,460
1786823398.780 2357.211 OK hwmon10 mv=12184,12176,12184,12176,12176,12176 ma=440,440,420,400,480,460
1786823398.881 2357.312 OK hwmon10 mv=12184,12176,12184,12176,12176,12176 ma=440,440,420,400,480,460
1786823398.992 2357.423 OK hwmon10 mv=12184,12176,12184,12176,12176,12176 ma=440,440,420,400,480,460
1786823399.092 2357.523 OK hwmon10 mv=12184,12176,12184,12176,12176,12176 ma=440,440,420,400,480,460
1786823399.201 2357.632 OK hwmon10 mv=12184,12176,12184,12176,12176,12176 ma=440,440,420,400,480,460
1786823399.301 2357.732 OK hwmon10 mv=12184,12176,12184,12176,12176,12176 ma=420,440,420,400,480,460
1786823399.414 2357.845 OK hwmon10 mv=12184,12176,12184,12176,12176,12176 ma=420,440,420,400,480,460
1786823399.515 2357.946 OK hwmon10 mv=12184,12176,12184,12176,12176,12176 ma=420,440,420,400,480,460
1786823399.625 2358.056 OK hwmon10 mv=12184,12176,12184,12176,12176,12176 ma=420,440,420,400,480,460
1786823399.726 2358.157 OK hwmon10 mv=12184,12176,12184,12176,12176,12176 ma=420,440,420,400,480,460
1786823399.838 2358.269 OK hwmon10 mv=12184,12176,12184,12176,12176,12176 ma=420,440,420,400,480,460
1786823399.939 2358.370 OK hwmon10 mv=12184,12176,12184,12176,12176,12176 ma=420,440,420,400,480,460
1786823400.050 2358.481 OK hwmon10 mv=12184,12176,12184,12176,12176,12176 ma=420,440,420,400,480,460
1786823400.150 2358.581 OK hwmon10 mv=12184,12176,12184,12176,12176,12176 ma=420,440,420,400,480,460
1786823400.258 2358.689 OK hwmon10 mv=12184,12176,12184,12176,12176,12176 ma=420,440,420,400,480,460
1786823400.358 2358.789 OK hwmon10 mv=12184,12176,12184,12176,12176,12176 ma=440,460,420,400,480,460
1786823400.468 2358.899 OK hwmon10 mv=12184,12176,12184,12176,12176,12176 ma=440,460,420,400,480,460
1786823400.568 2358.999 OK hwmon10 mv=12184,12176,12184,12176,12176,12176 ma=440,460,420,400,480,460
1786823400.677 2359.108 OK hwmon10 mv=12184,12176,12184,12176,12176,12176 ma=440,460,420,400,480,460
1786823400.777 2359.208 OK hwmon10 mv=12184,12176,12184,12176,12176,12176 ma=440,460,420,400,480,460
1786823400.887 2359.318 OK hwmon10 mv=12184,12176,12184,12176,12176,12176 ma=440,460,420,400,480,460
1786823400.988 2359.419 OK hwmon10 mv=12184,12176,12184,12176,12176,12176 ma=440,480,440,420,500,480
1786823401.099 2359.530 OK hwmon10 mv=12184,12176,12184,12176,12176,12176 ma=440,480,440,420,500,480
1786823401.199 2359.630 OK hwmon10 mv=12184,12176,12184,12176,12176,12176 ma=440,480,440,420,500,480
1786823401.307 2359.738 OK hwmon10 mv=12184,12176,12184,12176,12176,12176 ma=440,480,440,420,500,480
1786823401.407 2359.838 OK hwmon10 mv=12184,12168,12184,12176,12176,12176 ma=460,480,460,440,520,480
1786823401.516 2359.947 OK hwmon10 mv=12184,12168,12184,12176,12176,12176 ma=460,480,460,440,520,480
1786823401.616 2360.047 OK hwmon10 mv=12184,12168,12184,12176,12176,12176 ma=460,480,460,440,520,480
1786823401.726 2360.157 OK hwmon10 mv=12184,12168,12184,12176,12176,12176 ma=460,480,460,440,520,480
1786823401.826 2360.257 OK hwmon10 mv=12184,12168,12184,12176,12176,12176 ma=460,480,460,440,520,480
1786823401.941 2360.372 OK hwmon10 mv=12184,12168,12184,12176,12176,12176 ma=460,480,460,440,520,480
1786823402.041 2360.472 OK hwmon10 mv=12184,12168,12176,12176,12176,12176 ma=460,480,460,460,540,500
1786823402.152 2360.583 OK hwmon10 mv=12184,12168,12176,12176,12176,12176 ma=460,480,460,460,540,500
1786823402.253 2360.684 OK hwmon10 mv=12184,12168,12176,12176,12176,12176 ma=460,480,460,460,540,500
1786823402.360 2360.791 OK hwmon10 mv=12184,12168,12176,12176,12176,12176 ma=460,480,460,460,540,500
1786823402.460 2360.891 OK hwmon10 mv=12184,12168,12176,12176,12176,12176 ma=460,480,460,460,540,500
1786823402.570 2361.001 OK hwmon10 mv=12184,12168,12176,12176,12176,12176 ma=460,480,460,460,540,500
1786823402.671 2361.102 OK hwmon10 mv=12184,12168,12176,12176,12168,12176 ma=480,480,460,440,540,500
1786823402.781 2361.212 OK hwmon10 mv=12184,12168,12176,12176,12168,12176 ma=480,480,460,440,540,500
1786823402.881 2361.312 OK hwmon10 mv=12184,12168,12176,12176,12168,12176 ma=480,480,460,440,540,500
1786823402.994 2361.425 OK hwmon10 mv=12184,12168,12176,12176,12168,12176 ma=480,480,460,440,540,500
1786823403.094 2361.525 OK hwmon10 mv=12176,12168,12176,12176,12168,12176 ma=480,500,480,460,540,500
1786823403.204 2361.635 OK hwmon10 mv=12176,12168,12176,12176,12168,12176 ma=480,500,480,460,540,500
1786823403.305 2361.736 OK hwmon10 mv=12176,12168,12176,12176,12168,12176 ma=480,500,480,460,540,500
1786823403.416 2361.847 OK hwmon10 mv=12176,12168,12176,12176,12168,12176 ma=480,500,480,460,540,500
1786823403.516 2361.947 OK hwmon10 mv=12176,12168,12176,12176,12168,12176 ma=480,500,480,460,540,500
1786823403.627 2362.058 OK hwmon10 mv=12176,12168,12176,12176,12168,12176 ma=480,500,480,460,540,500
1786823403.728 2362.159 OK hwmon10 mv=12184,12168,12176,12176,12176,12176 ma=480,500,460,440,540,500
1786823403.836 2362.267 OK hwmon10 mv=12184,12168,12176,12176,12176,12176 ma=480,500,460,440,540,500
1786823403.937 2362.368 OK hwmon10 mv=12184,12168,12176,12176,12176,12176 ma=480,500,460,440,540,500
1786823404.047 2362.478 OK hwmon10 mv=12184,12168,12176,12176,12176,12176 ma=480,500,460,440,540,500
1786823404.148 2362.579 OK hwmon10 mv=12184,12168,12176,12176,12176,12176 ma=480,500,460,440,540,500
1786823404.258 2362.689 OK hwmon10 mv=12184,12168,12176,12176,12176,12176 ma=480,500,460,440,540,500
1786823404.359 2362.790 OK hwmon10 mv=12184,12176,12176,12176,12176,12176 ma=460,480,460,440,520,500
1786823404.470 2362.901 OK hwmon10 mv=12184,12176,12176,12176,12176,12176 ma=460,480,460,440,520,500
1786823404.570 2363.001 OK hwmon10 mv=12184,12176,12176,12176,12176,12176 ma=460,480,460,440,520,500
1786823404.680 2363.111 OK hwmon10 mv=12184,12176,12176,12176,12176,12176 ma=460,480,460,440,520,500
1786823404.780 2363.211 OK hwmon10 mv=12184,12168,12176,12176,12176,12176 ma=460,480,460,440,540,480
1786823404.893 2363.324 OK hwmon10 mv=12184,12168,12176,12176,12176,12176 ma=460,480,460,440,540,480
1786823404.993 2363.424 OK hwmon10 mv=12184,12168,12176,12176,12176,12176 ma=460,480,460,440,540,480
1786823405.104 2363.535 OK hwmon10 mv=12184,12168,12176,12176,12176,12176 ma=460,480,460,440,540,480
1786823405.204 2363.635 OK hwmon10 mv=12184,12168,12176,12176,12176,12176 ma=460,480,460,440,540,480
1786823405.313 2363.744 OK hwmon10 mv=12184,12168,12176,12176,12176,12176 ma=460,480,460,440,540,480
1786823405.413 2363.844 OK hwmon10 mv=12184,12176,12176,12176,12176,12176 ma=460,480,460,420,520,480
1786823405.521 2363.952 OK hwmon10 mv=12184,12176,12176,12176,12176,12176 ma=460,480,460,420,520,480
1786823405.621 2364.052 OK hwmon10 mv=12184,12176,12176,12176,12176,12176 ma=460,480,460,420,520,480
1786823405.730 2364.161 OK hwmon10 mv=12184,12176,12176,12176,12176,12176 ma=460,480,460,420,520,480
1786823405.830 2364.261 OK hwmon10 mv=12184,12176,12176,12176,12176,12176 ma=460,480,460,420,520,480
1786823405.939 2364.370 OK hwmon10 mv=12184,12176,12176,12176,12176,12176 ma=460,480,460,420,520,480
1786823406.040 2364.471 OK hwmon10 mv=12184,12168,12176,12176,12176,12176 ma=460,480,440,420,520,500
1786823406.150 2364.581 OK hwmon10 mv=12184,12168,12176,12176,12176,12176 ma=460,480,440,420,520,500
1786823406.250 2364.681 OK hwmon10 mv=12184,12168,12176,12176,12176,12176 ma=460,480,440,420,520,500
1786823406.361 2364.792 OK hwmon10 mv=12184,12168,12176,12176,12176,12176 ma=460,480,440,420,520,500
1786823406.461 2364.892 OK hwmon10 mv=12184,12168,12176,12176,12176,12176 ma=460,480,440,420,520,480
1786823406.571 2365.002 OK hwmon10 mv=12184,12168,12176,12176,12176,12176 ma=460,480,440,420,520,480
1786823406.671 2365.102 OK hwmon10 mv=12184,12168,12176,12176,12176,12176 ma=460,480,440,420,520,480
1786823406.782 2365.213 OK hwmon10 mv=12184,12168,12176,12176,12176,12176 ma=460,480,440,420,520,480
1786823406.882 2365.313 OK hwmon10 mv=12184,12168,12176,12176,12176,12176 ma=460,480,440,420,520,480
1786823406.992 2365.423 OK hwmon10 mv=12184,12168,12176,12176,12176,12176 ma=460,480,440,420,520,480
1786823407.092 2365.523 OK hwmon10 mv=12184,12168,12184,12176,12176,12176 ma=460,480,440,440,520,480
1786823407.200 2365.631 OK hwmon10 mv=12184,12168,12184,12176,12176,12176 ma=460,480,440,440,520,480
1786823407.301 2365.732 OK hwmon10 mv=12184,12168,12184,12176,12176,12176 ma=460,480,440,440,520,480
1786823407.411 2365.842 OK hwmon10 mv=12184,12168,12184,12176,12176,12176 ma=460,480,440,440,520,480
1786823407.512 2365.943 OK hwmon10 mv=12184,12168,12184,12176,12176,12176 ma=460,480,440,440,520,480
1786823407.620 2366.051 OK hwmon10 mv=12184,12168,12184,12176,12176,12176 ma=460,480,440,440,520,480
1786823407.720 2366.151 OK hwmon10 mv=12184,12168,12184,12176,12176,12176 ma=460,480,460,440,520,480
1786823407.831 2366.262 OK hwmon10 mv=12184,12168,12184,12176,12176,12176 ma=460,480,460,440,520,480
1786823407.931 2366.362 OK hwmon10 mv=12184,12168,12184,12176,12176,12176 ma=460,480,460,440,520,480
1786823408.042 2366.473 OK hwmon10 mv=12184,12168,12184,12176,12176,12176 ma=460,480,460,440,520,480
1786823408.142 2366.573 OK hwmon10 mv=12184,12168,12184,12176,12176,12176 ma=460,480,440,440,520,480
1786823408.253 2366.684 OK hwmon10 mv=12184,12168,12184,12176,12176,12176 ma=460,480,440,440,520,480
1786823408.353 2366.784 OK hwmon10 mv=12184,12168,12184,12176,12176,12176 ma=460,480,440,440,520,480
1786823408.463 2366.894 OK hwmon10 mv=12184,12168,12184,12176,12176,12176 ma=460,480,440,440,520,480
1786823408.564 2366.995 OK hwmon10 mv=12184,12168,12184,12176,12176,12176 ma=460,480,440,440,520,480
1786823408.673 2367.104 OK hwmon10 mv=12184,12168,12184,12176,12176,12176 ma=460,480,440,440,520,480
1786823408.773 2367.204 OK hwmon10 mv=12184,12168,12184,12176,12176,12176 ma=460,480,440,420,520,480
1786823408.883 2367.314 OK hwmon10 mv=12184,12168,12184,12176,12176,12176 ma=460,480,440,420,520,480
1786823408.983 2367.414 OK hwmon10 mv=12184,12168,12184,12176,12176,12176 ma=460,480,440,420,520,480
1786823409.094 2367.525 OK hwmon10 mv=12184,12168,12184,12176,12176,12176 ma=460,480,440,420,520,480
1786823409.194 2367.625 OK hwmon10 mv=12184,12168,12184,12176,12176,12176 ma=460,480,440,440,520,500
1786823409.303 2367.734 OK hwmon10 mv=12184,12168,12184,12176,12176,12176 ma=460,480,440,440,520,500
1786823409.403 2367.834 OK hwmon10 mv=12184,12168,12184,12176,12176,12176 ma=480,480,440,440,520,500
1786823409.511 2367.942 OK hwmon10 mv=12184,12168,12184,12176,12176,12176 ma=480,480,440,440,520,500
1786823409.611 2368.042 OK hwmon10 mv=12184,12168,12184,12176,12176,12176 ma=480,480,440,440,520,500
1786823409.721 2368.152 OK hwmon10 mv=12184,12168,12184,12176,12176,12176 ma=480,480,440,440,520,500
1786823409.821 2368.252 OK hwmon10 mv=12184,12168,12184,12176,12176,12176 ma=480,480,460,440,520,500
1786823409.932 2368.363 OK hwmon10 mv=12184,12168,12184,12176,12176,12176 ma=480,480,460,440,520,500
1786823410.032 2368.463 OK hwmon10 mv=12184,12168,12184,12176,12176,12176 ma=480,480,460,440,520,500
1786823410.143 2368.574 OK hwmon10 mv=12184,12168,12184,12176,12176,12176 ma=480,480,460,440,520,500
1786823410.243 2368.674 OK hwmon10 mv=12184,12168,12184,12176,12176,12176 ma=480,480,460,440,520,500
1786823410.354 2368.785 OK hwmon10 mv=12184,12168,12184,12176,12176,12176 ma=480,480,460,440,520,500
1786823410.454 2368.885 OK hwmon10 mv=12184,12168,12184,12176,12176,12176 ma=480,480,460,440,520,500
1786823410.564 2368.995 OK hwmon10 mv=12184,12168,12184,12176,12176,12176 ma=480,480,460,440,520,500
1786823410.665 2369.096 OK hwmon10 mv=12184,12168,12184,12176,12176,12176 ma=480,480,460,440,520,500
1786823410.775 2369.206 OK hwmon10 mv=12184,12168,12184,12176,12176,12176 ma=480,480,460,440,520,500
1786823410.875 2369.306 OK hwmon10 mv=12184,12168,12184,12176,12176,12176 ma=480,480,460,440,520,500
1786823410.985 2369.416 OK hwmon10 mv=12184,12168,12184,12176,12176,12176 ma=480,480,460,440,520,500
1786823411.085 2369.516 OK hwmon10 mv=12184,12168,12184,12176,12176,12176 ma=480,480,460,440,520,500
1786823411.193 2369.624 OK hwmon10 mv=12184,12168,12184,12176,12176,12176 ma=480,480,460,440,520,500
1786823411.294 2369.725 OK hwmon10 mv=12184,12168,12184,12176,12176,12176 ma=480,480,460,440,520,500
1786823411.405 2369.836 OK hwmon10 mv=12184,12168,12184,12176,12176,12176 ma=480,480,460,440,520,500
1786823411.505 2369.936 OK hwmon10 mv=12184,12168,12184,12176,12176,12176 ma=480,480,460,440,520,500
1786823411.612 2370.043 OK hwmon10 mv=12184,12168,12184,12176,12176,12176 ma=480,480,460,440,520,500
1786823411.713 2370.144 OK hwmon10 mv=12184,12168,12184,12176,12176,12176 ma=480,480,460,440,520,500
1786823411.824 2370.255 OK hwmon10 mv=12184,12168,12184,12176,12176,12176 ma=480,480,460,440,520,500
1786823411.924 2370.355 OK hwmon10 mv=12184,12168,12184,12176,12176,12176 ma=480,480,460,440,520,500
1786823412.034 2370.465 OK hwmon10 mv=12184,12168,12184,12176,12176,12176 ma=480,480,460,440,520,500
1786823412.134 2370.565 OK hwmon10 mv=12184,12168,12184,12176,12176,12176 ma=460,480,460,440,520,480
1786823412.244 2370.675 OK hwmon10 mv=12184,12168,12184,12176,12176,12176 ma=460,480,460,440,520,480
1786823412.345 2370.776 OK hwmon10 mv=12184,12168,12184,12176,12176,12176 ma=460,480,460,440,520,480
1786823412.455 2370.886 OK hwmon10 mv=12184,12168,12184,12176,12176,12176 ma=460,480,460,440,520,480
1786823412.555 2370.986 OK hwmon10 mv=12184,12168,12184,12176,12176,12176 ma=460,480,460,440,520,480
1786823412.667 2371.098 OK hwmon10 mv=12184,12168,12184,12176,12176,12176 ma=460,480,460,440,520,480
1786823412.767 2371.198 OK hwmon10 mv=12184,12168,12184,12176,12176,12176 ma=460,480,460,440,520,480
1786823412.877 2371.308 OK hwmon10 mv=12184,12168,12184,12176,12176,12176 ma=460,480,460,440,520,480
1786823412.978 2371.409 OK hwmon10 mv=12184,12168,12184,12176,12176,12176 ma=460,480,460,440,520,480
1786823413.085 2371.516 OK hwmon10 mv=12184,12168,12184,12176,12176,12176 ma=460,480,460,440,520,480
1786823413.185 2371.616 OK hwmon10 mv=12184,12176,12184,12176,12176,12176 ma=440,460,440,420,500,460
1786823413.293 2371.724 OK hwmon10 mv=12184,12176,12184,12176,12176,12176 ma=440,460,440,420,500,460
1786823413.394 2371.825 OK hwmon10 mv=12184,12176,12184,12176,12176,12176 ma=440,460,440,420,500,460
1786823413.506 2371.937 OK hwmon10 mv=12184,12176,12184,12176,12176,12176 ma=440,460,440,420,500,460
1786823413.607 2372.038 OK hwmon10 mv=12184,12176,12184,12176,12176,12176 ma=440,460,440,420,500,460
1786823413.715 2372.146 OK hwmon10 mv=12184,12176,12184,12176,12176,12176 ma=440,460,440,420,500,460
1786823413.815 2372.246 OK hwmon10 mv=12184,12176,12184,12176,12176,12176 ma=440,460,440,420,500,460
1786823413.926 2372.357 OK hwmon10 mv=12184,12176,12184,12176,12176,12176 ma=440,460,440,420,500,460
1786823414.026 2372.457 OK hwmon10 mv=12184,12176,12184,12176,12176,12176 ma=440,460,440,420,500,460
1786823414.137 2372.568 OK hwmon10 mv=12184,12176,12184,12176,12176,12176 ma=440,460,440,420,500,460
1786823414.237 2372.668 OK hwmon10 mv=12184,12176,12184,12176,12176,12176 ma=440,440,420,400,480,460
1786823414.348 2372.779 OK hwmon10 mv=12184,12176,12184,12176,12176,12176 ma=440,440,420,400,480,460
1786823414.448 2372.879 OK hwmon10 mv=12184,12176,12184,12176,12176,12176 ma=440,440,420,400,480,460
1786823414.559 2372.990 OK hwmon10 mv=12184,12176,12184,12176,12176,12176 ma=440,440,420,400,480,460
1786823414.659 2373.090 OK hwmon10 mv=12184,12176,12184,12176,12176,12176 ma=440,440,420,400,480,460
1786823414.768 2373.199 OK hwmon10 mv=12184,12176,12184,12176,12176,12176 ma=440,440,420,400,480,460
1786823414.868 2373.299 OK hwmon10 mv=12184,12176,12184,12176,12176,12176 ma=440,440,420,400,480,460
1786823414.978 2373.409 OK hwmon10 mv=12184,12176,12184,12176,12176,12176 ma=440,440,420,400,480,460
1786823415.078 2373.509 OK hwmon10 mv=12184,12176,12184,12176,12176,12176 ma=440,440,420,400,480,460
1786823415.187 2373.618 OK hwmon10 mv=12184,12176,12184,12176,12176,12176 ma=440,440,420,400,480,460
1786823415.287 2373.718 OK hwmon10 mv=12184,12176,12184,12176,12176,12176 ma=440,440,420,400,480,460
1786823415.398 2373.829 OK hwmon10 mv=12184,12176,12184,12176,12176,12176 ma=440,440,420,400,480,460
1786823415.498 2373.929 OK hwmon10 mv=12184,12176,12184,12176,12176,12176 ma=420,440,420,400,480,440
1786823415.609 2374.040 OK hwmon10 mv=12184,12176,12184,12176,12176,12176 ma=420,440,420,400,480,440
1786823415.709 2374.140 OK hwmon10 mv=12184,12176,12184,12176,12176,12176 ma=420,440,420,400,480,440
1786823415.820 2374.251 OK hwmon10 mv=12184,12176,12184,12176,12176,12176 ma=420,440,420,400,480,440
1786823415.921 2374.352 OK hwmon10 mv=12184,12176,12184,12176,12176,12176 ma=420,440,420,400,480,440
1786823416.030 2374.461 OK hwmon10 mv=12184,12176,12184,12176,12176,12176 ma=420,440,420,400,480,440
1786823416.131 2374.562 OK hwmon10 mv=12184,12176,12184,12176,12176,12176 ma=420,440,420,400,480,440
1786823416.241 2374.672 OK hwmon10 mv=12184,12176,12184,12176,12176,12176 ma=420,440,420,400,480,440
1786823416.341 2374.772 OK hwmon10 mv=12184,12176,12184,12176,12176,12176 ma=420,440,420,400,480,440
1786823416.454 2374.885 OK hwmon10 mv=12184,12176,12184,12176,12176,12176 ma=420,440,420,400,480,440
1786823416.554 2374.985 OK hwmon10 mv=12184,12176,12184,12176,12176,12176 ma=420,440,420,400,480,440
1786823416.665 2375.096 OK hwmon10 mv=12184,12176,12184,12176,12176,12176 ma=420,440,420,400,480,440
1786823416.765 2375.196 OK hwmon10 mv=12184,12176,12184,12176,12176,12176 ma=420,440,420,400,480,440
1786823416.877 2375.308 OK hwmon10 mv=12184,12176,12184,12176,12176,12176 ma=420,440,420,400,480,440
1786823416.977 2375.408 OK hwmon10 mv=12184,12176,12184,12176,12176,12176 ma=420,440,420,400,480,440
1786823417.088 2375.519 OK hwmon10 mv=12184,12176,12184,12176,12176,12176 ma=420,440,420,400,480,440
1786823417.188 2375.619 OK hwmon10 mv=12184,12176,12184,12176,12176,12176 ma=420,440,400,400,480,440
1786823417.296 2375.727 OK hwmon10 mv=12184,12176,12184,12176,12176,12176 ma=420,440,400,400,480,440
1786823417.397 2375.828 OK hwmon10 mv=12184,12176,12184,12176,12176,12176 ma=420,440,400,400,480,440
1786823417.506 2375.937 OK hwmon10 mv=12184,12176,12184,12176,12176,12176 ma=420,440,400,400,480,440
1786823417.607 2376.038 OK hwmon10 mv=12184,12176,12184,12176,12176,12176 ma=420,440,400,400,480,440
1786823417.715 2376.146 OK hwmon10 mv=12184,12176,12184,12176,12176,12176 ma=420,440,400,400,480,440
1786823417.815 2376.246 OK hwmon10 mv=12184,12176,12184,12176,12176,12176 ma=420,440,400,400,480,440
1786823417.927 2376.358 OK hwmon10 mv=12184,12176,12184,12176,12176,12176 ma=420,440,400,400,480,440
1786823418.027 2376.458 OK hwmon10 mv=12184,12176,12184,12176,12176,12176 ma=420,440,400,400,480,440
1786823418.138 2376.569 OK hwmon10 mv=12184,12176,12184,12176,12176,12176 ma=420,440,400,400,480,440
1786823418.238 2376.669 OK hwmon10 mv=12184,12176,12184,12176,12176,12176 ma=420,440,420,400,480,440
1786823418.349 2376.780 OK hwmon10 mv=12184,12176,12184,12176,12176,12176 ma=420,440,420,400,480,440
1786823418.449 2376.880 OK hwmon10 mv=12184,12176,12184,12176,12176,12176 ma=420,440,420,400,480,440
1786823418.557 2376.988 OK hwmon10 mv=12184,12176,12184,12176,12176,12176 ma=420,440,420,400,480,440
1786823418.657 2377.088 OK hwmon10 mv=12184,12176,12184,12176,12176,12176 ma=420,440,420,400,480,440
1786823418.765 2377.196 OK hwmon10 mv=12184,12176,12184,12176,12176,12176 ma=420,440,420,400,480,440
1786823418.866 2377.297 OK hwmon10 mv=12184,12176,12184,12176,12176,12176 ma=440,440,420,400,480,460
1786823418.975 2377.406 OK hwmon10 mv=12184,12176,12184,12176,12176,12176 ma=440,440,420,400,480,460
1786823419.076 2377.507 OK hwmon10 mv=12184,12176,12184,12176,12176,12176 ma=440,440,420,400,480,460
1786823419.184 2377.615 OK hwmon10 mv=12184,12176,12184,12176,12176,12176 ma=440,440,420,400,480,460
1786823419.284 2377.715 OK hwmon10 mv=12184,12176,12184,12176,12176,12176 ma=440,440,420,400,500,460
1786823419.395 2377.826 OK hwmon10 mv=12184,12176,12184,12176,12176,12176 ma=440,440,420,400,500,460
1786823419.496 2377.927 OK hwmon10 mv=12184,12176,12184,12176,12176,12176 ma=440,440,420,400,500,460
1786823419.606 2378.037 OK hwmon10 mv=12184,12176,12184,12176,12176,12176 ma=440,440,420,400,500,460
1786823419.707 2378.138 OK hwmon10 mv=12184,12176,12184,12176,12176,12176 ma=440,440,420,400,500,460
1786823419.818 2378.249 OK hwmon10 mv=12184,12176,12184,12176,12176,12176 ma=440,440,420,400,500,460
1786823419.918 2378.349 OK hwmon10 mv=12184,12176,12184,12176,12176,12176 ma=440,440,420,400,500,460
1786823420.030 2378.461 OK hwmon10 mv=12184,12176,12184,12176,12176,12176 ma=440,440,420,400,500,460
1786823420.130 2378.561 OK hwmon10 mv=12184,12176,12184,12176,12176,12176 ma=440,440,420,400,500,460
1786823420.240 2378.671 OK hwmon10 mv=12184,12176,12184,12176,12176,12176 ma=440,440,420,400,500,460
1786823420.341 2378.772 OK hwmon10 mv=12184,12176,12184,12176,12176,12176 ma=440,440,420,400,500,460
1786823420.451 2378.882 OK hwmon10 mv=12184,12176,12184,12176,12176,12176 ma=440,440,420,400,500,460
1786823420.551 2378.982 OK hwmon10 mv=12184,12176,12184,12176,12176,12176 ma=440,440,420,400,500,460
1786823420.662 2379.093 OK hwmon10 mv=12184,12176,12184,12176,12176,12176 ma=440,440,420,400,500,460
1786823420.762 2379.193 OK hwmon10 mv=12184,12176,12184,12176,12176,12176 ma=440,440,420,400,500,460
1786823420.873 2379.304 OK hwmon10 mv=12184,12176,12184,12176,12176,12176 ma=440,440,420,400,500,460
1786823420.973 2379.404 OK hwmon10 mv=12184,12176,12184,12176,12176,12176 ma=440,440,420,400,500,460
1786823421.083 2379.515 OK hwmon10 mv=12184,12176,12184,12176,12176,12176 ma=440,440,420,400,500,460
1786823421.184 2379.615 OK hwmon10 mv=12184,12176,12184,12176,12176,12176 ma=440,440,420,400,500,460
1786823421.292 2379.723 OK hwmon10 mv=12184,12176,12184,12176,12176,12176 ma=440,440,420,400,500,460
1786823421.393 2379.824 OK hwmon10 mv=12184,12176,12184,12176,12176,12176 ma=440,440,420,400,500,460
1786823421.503 2379.934 OK hwmon10 mv=12184,12176,12184,12176,12176,12176 ma=440,440,420,400,500,460
1786823421.604 2380.035 OK hwmon10 mv=12184,12176,12184,12176,12176,12176 ma=440,440,420,400,480,460
1786823421.715 2380.146 OK hwmon10 mv=12184,12176,12184,12176,12176,12176 ma=440,440,420,400,480,460
1786823421.815 2380.246 OK hwmon10 mv=12184,12176,12184,12176,12176,12176 ma=440,440,420,400,480,460
1786823421.926 2380.357 OK hwmon10 mv=12184,12176,12184,12176,12176,12176 ma=440,440,420,400,480,460
1786823422.026 2380.457 OK hwmon10 mv=12184,12176,12184,12176,12176,12176 ma=440,440,420,400,480,460
1786823422.137 2380.568 OK hwmon10 mv=12184,12176,12184,12176,12176,12176 ma=440,440,420,400,480,460
1786823422.238 2380.669 OK hwmon10 mv=12184,12176,12184,12176,12176,12176 ma=440,440,420,400,480,460
1786823422.350 2380.781 OK hwmon10 mv=12184,12176,12184,12176,12176,12176 ma=440,440,420,400,480,460
1786823422.450 2380.881 OK hwmon10 mv=12184,12176,12184,12176,12176,12176 ma=440,440,420,400,480,460
1786823422.558 2380.989 OK hwmon10 mv=12184,12176,12184,12176,12176,12176 ma=440,440,420,400,480,460
1786823422.659 2381.090 OK hwmon10 mv=12184,12176,12184,12176,12176,12176 ma=440,460,420,400,480,460
1786823422.769 2381.200 OK hwmon10 mv=12184,12176,12184,12176,12176,12176 ma=440,460,420,400,480,460
1786823422.870 2381.301 OK hwmon10 mv=12184,12176,12184,12176,12176,12176 ma=440,460,420,400,480,460
1786823422.984 2381.415 OK hwmon10 mv=12184,12176,12184,12176,12176,12176 ma=440,460,420,400,480,460
1786823423.084 2381.515 OK hwmon10 mv=12184,12176,12184,12176,12176,12176 ma=440,460,420,400,480,460
1786823423.192 2381.623 OK hwmon10 mv=12184,12176,12184,12176,12176,12176 ma=440,460,420,400,480,460
1786823423.292 2381.724 OK hwmon10 mv=12184,12176,12184,12176,12176,12176 ma=440,460,420,420,500,460
1786823423.403 2381.834 OK hwmon10 mv=12184,12176,12184,12176,12176,12176 ma=440,460,420,420,500,460
1786823423.504 2381.935 OK hwmon10 mv=12184,12176,12184,12176,12176,12176 ma=440,460,420,420,500,460
1786823423.615 2382.046 OK hwmon10 mv=12184,12176,12184,12176,12176,12176 ma=440,460,420,420,500,460
1786823423.715 2382.146 OK hwmon10 mv=12184,12176,12184,12176,12176,12176 ma=440,460,420,400,500,460
1786823423.823 2382.254 OK hwmon10 mv=12184,12176,12184,12176,12176,12176 ma=440,460,420,400,500,460
1786823423.923 2382.354 OK hwmon10 mv=12184,12176,12184,12176,12176,12176 ma=440,460,420,400,500,460
1786823424.036 2382.467 OK hwmon10 mv=12184,12176,12184,12176,12176,12176 ma=440,460,420,400,500,460
1786823424.136 2382.567 OK hwmon10 mv=12184,12176,12184,12176,12176,12176 ma=440,460,420,400,500,460
1786823424.244 2382.675 OK hwmon10 mv=12184,12176,12184,12176,12176,12176 ma=440,460,420,400,500,460
1786823424.345 2382.776 OK hwmon10 mv=12184,12176,12184,12176,12176,12176 ma=420,440,420,400,480,460
1786823424.456 2382.887 OK hwmon10 mv=12184,12176,12184,12176,12176,12176 ma=420,440,420,400,480,460
1786823424.556 2382.987 OK hwmon10 mv=12184,12176,12184,12176,12176,12176 ma=420,440,420,400,480,460
1786823424.666 2383.097 OK hwmon10 mv=12184,12176,12184,12176,12176,12176 ma=420,440,420,400,480,460
1786823424.767 2383.198 OK hwmon10 mv=12184,12176,12184,12176,12176,12176 ma=420,440,420,400,480,460
1786823424.878 2383.309 OK hwmon10 mv=12184,12176,12184,12176,12176,12176 ma=420,440,420,400,480,460
1786823424.978 2383.409 OK hwmon10 mv=12184,12176,12184,12176,12176,12176 ma=440,440,420,400,500,460
1786823425.089 2383.520 OK hwmon10 mv=12184,12176,12184,12176,12176,12176 ma=440,440,420,400,500,460
1786823425.189 2383.620 OK hwmon10 mv=12184,12176,12184,12176,12176,12176 ma=440,440,420,400,500,460
1786823425.300 2383.731 OK hwmon10 mv=12184,12176,12184,12176,12176,12176 ma=440,440,420,400,500,460
1786823425.400 2383.831 OK hwmon10 mv=12184,12176,12184,12176,12176,12176 ma=460,460,440,420,520,480
1786823425.510 2383.941 OK hwmon10 mv=12184,12176,12184,12176,12176,12176 ma=460,460,440,420,520,480
1786823425.610 2384.041 OK hwmon10 mv=12184,12176,12184,12176,12176,12176 ma=460,460,440,420,520,480
1786823425.720 2384.151 OK hwmon10 mv=12184,12176,12184,12176,12176,12176 ma=460,460,440,420,520,480
1786823425.821 2384.252 OK hwmon10 mv=12184,12176,12184,12176,12176,12176 ma=460,460,440,420,520,480
1786823425.930 2384.361 OK hwmon10 mv=12184,12176,12184,12176,12176,12176 ma=460,460,440,420,520,480
1786823426.030 2384.461 OK hwmon10 mv=12184,12176,12184,12176,12176,12176 ma=460,480,440,420,520,480
1786823426.141 2384.572 OK hwmon10 mv=12184,12176,12184,12176,12176,12176 ma=460,480,440,420,520,480
1786823426.241 2384.672 OK hwmon10 mv=12184,12176,12184,12176,12176,12176 ma=460,480,440,420,520,480
1786823426.350 2384.781 OK hwmon10 mv=12184,12176,12184,12176,12176,12176 ma=460,480,440,420,520,480
1786823426.450 2384.881 OK hwmon10 mv=12184,12176,12184,12176,12176,12176 ma=460,480,440,420,520,480
1786823426.561 2384.992 OK hwmon10 mv=12184,12176,12184,12176,12176,12176 ma=460,480,440,420,520,480
1786823426.661 2385.092 OK hwmon10 mv=12184,12176,12184,12176,12176,12176 ma=460,480,460,440,520,480
1786823426.772 2385.203 OK hwmon10 mv=12184,12176,12184,12176,12176,12176 ma=460,480,460,440,520,480
1786823426.872 2385.303 OK hwmon10 mv=12184,12176,12184,12176,12176,12176 ma=460,480,460,440,520,480
1786823426.983 2385.414 OK hwmon10 mv=12184,12176,12184,12176,12176,12176 ma=460,480,460,440,520,480
1786823427.083 2385.514 OK hwmon10 mv=12184,12168,12184,12176,12176,12176 ma=480,480,460,440,520,500
1786823427.191 2385.622 OK hwmon10 mv=12184,12168,12184,12176,12176,12176 ma=480,480,460,440,520,500
1786823427.292 2385.723 OK hwmon10 mv=12184,12168,12184,12176,12176,12176 ma=480,480,460,440,520,500
1786823427.403 2385.834 OK hwmon10 mv=12184,12168,12184,12176,12176,12176 ma=480,480,460,440,520,500
1786823427.503 2385.934 OK hwmon10 mv=12184,12168,12184,12176,12176,12176 ma=480,480,460,440,520,500
1786823427.613 2386.044 OK hwmon10 mv=12184,12168,12184,12176,12176,12176 ma=480,480,460,440,520,500
1786823427.714 2386.145 OK hwmon10 mv=12184,12176,12184,12176,12176,12176 ma=460,480,460,440,520,480
1786823427.824 2386.255 OK hwmon10 mv=12184,12176,12184,12176,12176,12176 ma=460,480,460,440,520,480
1786823427.924 2386.355 OK hwmon10 mv=12184,12176,12184,12176,12176,12176 ma=460,480,460,440,520,480
1786823428.034 2386.465 OK hwmon10 mv=12184,12176,12184,12176,12176,12176 ma=460,480,460,440,520,480
1786823428.135 2386.566 OK hwmon10 mv=12184,12176,12184,12176,12176,12176 ma=460,480,460,440,520,480
1786823428.245 2386.676 OK hwmon10 mv=12184,12176,12184,12176,12176,12176 ma=460,480,460,440,520,480
1786823428.345 2386.776 OK hwmon10 mv=12184,12176,12184,12176,12176,12176 ma=460,480,440,420,520,480
1786823428.456 2386.887 OK hwmon10 mv=12184,12176,12184,12176,12176,12176 ma=460,480,440,420,520,480
1786823428.556 2386.987 OK hwmon10 mv=12184,12176,12184,12176,12176,12176 ma=460,480,440,420,520,480
1786823428.667 2387.098 OK hwmon10 mv=12184,12176,12184,12176,12176,12176 ma=460,480,440,420,520,480
1786823428.767 2387.198 OK hwmon10 mv=12184,12168,12184,12176,12176,12176 ma=460,480,440,440,520,480
1786823428.878 2387.309 OK hwmon10 mv=12184,12168,12184,12176,12176,12176 ma=460,480,440,440,520,480
1786823428.978 2387.409 OK hwmon10 mv=12184,12168,12184,12176,12176,12176 ma=460,480,440,440,520,480
1786823429.087 2387.518 OK hwmon10 mv=12184,12168,12184,12176,12176,12176 ma=460,480,440,440,520,480
1786823429.188 2387.619 OK hwmon10 mv=12184,12168,12184,12176,12176,12176 ma=460,480,440,440,520,480
1786823429.296 2387.727 OK hwmon10 mv=12184,12168,12184,12176,12176,12176 ma=460,480,440,440,520,480
1786823429.396 2387.827 OK hwmon10 mv=12184,12168,12184,12176,12176,12176 ma=460,480,460,440,540,480
1786823429.506 2387.937 OK hwmon10 mv=12184,12168,12184,12176,12176,12176 ma=460,480,460,440,540,480
1786823429.606 2388.037 OK hwmon10 mv=12184,12168,12184,12176,12176,12176 ma=460,480,460,440,540,480
1786823429.714 2388.145 OK hwmon10 mv=12184,12168,12184,12176,12176,12176 ma=460,480,460,440,540,480
1786823429.815 2388.246 OK hwmon10 mv=12184,12168,12184,12176,12176,12176 ma=460,480,460,440,540,480
1786823429.926 2388.357 OK hwmon10 mv=12184,12168,12184,12176,12176,12176 ma=460,480,460,440,540,480
1786823430.027 2388.458 OK hwmon10 mv=12184,12176,12184,12176,12176,12176 ma=460,480,460,440,520,480
1786823430.137 2388.568 OK hwmon10 mv=12184,12176,12184,12176,12176,12176 ma=460,480,460,440,520,480
1786823430.237 2388.668 OK hwmon10 mv=12184,12176,12184,12176,12176,12176 ma=460,480,460,440,520,480
1786823430.348 2388.779 OK hwmon10 mv=12184,12176,12184,12176,12176,12176 ma=460,480,460,440,520,480
1786823430.448 2388.879 OK hwmon10 mv=12184,12176,12184,12176,12176,12176 ma=460,480,460,440,520,480
1786823430.558 2388.989 OK hwmon10 mv=12184,12176,12184,12176,12176,12176 ma=460,480,460,440,520,480
1786823430.658 2389.089 OK hwmon10 mv=12184,12176,12184,12176,12176,12176 ma=460,480,460,440,520,480
1786823430.769 2389.200 OK hwmon10 mv=12184,12176,12184,12176,12176,12176 ma=460,480,460,440,520,480
1786823430.869 2389.300 OK hwmon10 mv=12184,12176,12184,12176,12176,12176 ma=460,480,460,440,520,480
1786823430.981 2389.412 OK hwmon10 mv=12184,12176,12184,12176,12176,12176 ma=460,480,460,440,520,480
1786823431.081 2389.512 OK hwmon10 mv=12184,12168,12184,12176,12176,12176 ma=480,480,460,440,520,480
1786823431.189 2389.620 OK hwmon10 mv=12184,12168,12184,12176,12176,12176 ma=480,480,460,440,520,480
1786823431.289 2389.720 OK hwmon10 mv=12184,12168,12184,12176,12176,12176 ma=480,480,460,440,520,480
1786823431.400 2389.831 OK hwmon10 mv=12184,12168,12184,12176,12176,12176 ma=480,480,460,440,520,480
1786823431.500 2389.931 OK hwmon10 mv=12184,12168,12184,12176,12176,12176 ma=460,480,460,440,520,480
1786823431.612 2390.043 OK hwmon10 mv=12184,12168,12184,12176,12176,12176 ma=460,480,460,440,520,480
1786823431.712 2390.143 OK hwmon10 mv=12184,12168,12184,12176,12176,12176 ma=460,480,460,440,520,480
1786823431.823 2390.254 OK hwmon10 mv=12184,12168,12184,12176,12176,12176 ma=460,480,460,440,520,480
1786823431.924 2390.355 OK hwmon10 mv=12184,12168,12184,12176,12176,12176 ma=460,480,460,440,520,480
1786823432.034 2390.465 OK hwmon10 mv=12184,12168,12184,12176,12176,12176 ma=460,480,460,440,520,480
1786823432.134 2390.565 OK hwmon10 mv=12184,12176,12184,12176,12176,12176 ma=460,480,460,440,520,480
1786823432.245 2390.676 OK hwmon10 mv=12184,12176,12184,12176,12176,12176 ma=460,480,460,440,520,480
1786823432.345 2390.776 OK hwmon10 mv=12184,12176,12184,12176,12176,12176 ma=460,480,460,440,520,480
1786823432.455 2390.886 OK hwmon10 mv=12184,12176,12184,12176,12176,12176 ma=460,480,460,440,520,480
1786823432.555 2390.986 OK hwmon10 mv=12184,12176,12184,12176,12176,12176 ma=460,480,460,440,520,480
1786823432.668 2391.099 OK hwmon10 mv=12184,12176,12184,12176,12176,12176 ma=460,480,460,440,520,480
1786823432.768 2391.199 OK hwmon10 mv=12184,12176,12184,12176,12176,12176 ma=460,480,460,440,520,480
1786823432.879 2391.310 OK hwmon10 mv=12184,12176,12184,12176,12176,12176 ma=460,480,460,440,520,480
1786823432.979 2391.410 OK hwmon10 mv=12184,12176,12184,12176,12176,12176 ma=460,480,460,440,520,480
1786823433.089 2391.520 OK hwmon10 mv=12184,12176,12184,12176,12176,12176 ma=460,480,460,440,520,480
1786823433.190 2391.621 OK hwmon10 mv=12184,12176,12184,12176,12176,12176 ma=460,480,460,440,520,480
1786823433.297 2391.728 OK hwmon10 mv=12184,12176,12184,12176,12176,12176 ma=460,480,460,440,520,480
1786823433.398 2391.829 OK hwmon10 mv=12184,12176,12184,12176,12176,12176 ma=460,480,460,440,520,480
1786823433.508 2391.939 OK hwmon10 mv=12184,12176,12184,12176,12176,12176 ma=460,480,460,440,520,480
1786823433.609 2392.040 OK hwmon10 mv=12184,12176,12184,12176,12176,12176 ma=460,480,460,440,520,480
1786823433.717 2392.148 OK hwmon10 mv=12184,12176,12184,12176,12176,12176 ma=460,480,460,440,520,480
1786823433.817 2392.248 OK hwmon10 mv=12184,12176,12184,12176,12176,12176 ma=460,480,440,440,500,480
1786823433.929 2392.360 OK hwmon10 mv=12184,12176,12184,12176,12176,12176 ma=460,480,440,440,500,480
1786823434.029 2392.460 OK hwmon10 mv=12184,12176,12184,12176,12176,12176 ma=460,480,440,440,500,480
1786823434.140 2392.571 OK hwmon10 mv=12184,12176,12184,12176,12176,12176 ma=460,480,440,440,500,480
1786823434.240 2392.671 OK hwmon10 mv=12184,12176,12184,12176,12176,12176 ma=460,480,440,440,500,480
1786823434.352 2392.783 OK hwmon10 mv=12184,12176,12184,12176,12176,12176 ma=460,480,440,440,500,480
1786823434.452 2392.883 OK hwmon10 mv=12184,12176,12184,12176,12176,12176 ma=460,460,440,440,500,480
1786823434.560 2392.991 OK hwmon10 mv=12184,12176,12184,12176,12176,12176 ma=460,460,440,440,500,480
1786823434.660 2393.091 OK hwmon10 mv=12184,12176,12184,12176,12176,12176 ma=460,460,440,440,500,480
1786823434.771 2393.202 OK hwmon10 mv=12184,12176,12184,12176,12176,12176 ma=460,460,440,440,500,480
1786823434.871 2393.302 OK hwmon10 mv=12184,12176,12184,12176,12176,12176 ma=440,460,440,420,500,460
1786823434.982 2393.413 OK hwmon10 mv=12184,12176,12184,12176,12176,12176 ma=440,460,440,420,500,460
1786823435.082 2393.513 OK hwmon10 mv=12184,12176,12184,12176,12176,12176 ma=440,460,440,420,500,460
1786823435.190 2393.621 OK hwmon10 mv=12184,12176,12184,12176,12176,12176 ma=440,460,440,420,500,460
1786823435.290 2393.721 OK hwmon10 mv=12184,12176,12184,12176,12176,12176 ma=440,460,440,420,500,460
1786823435.400 2393.831 OK hwmon10 mv=12184,12176,12184,12176,12176,12176 ma=440,460,440,420,500,460
1786823435.501 2393.932 OK hwmon10 mv=12184,12176,12184,12176,12176,12176 ma=440,440,420,420,480,460
1786823435.611 2394.042 OK hwmon10 mv=12184,12176,12184,12176,12176,12176 ma=440,440,420,420,480,460
1786823435.712 2394.143 OK hwmon10 mv=12184,12176,12184,12176,12176,12176 ma=440,440,420,420,480,460
1786823435.824 2394.255 OK hwmon10 mv=12184,12176,12184,12176,12176,12176 ma=440,440,420,420,480,460
1786823435.924 2394.355 OK hwmon10 mv=12184,12176,12184,12176,12176,12176 ma=440,440,420,420,480,460
1786823436.035 2394.466 OK hwmon10 mv=12184,12176,12184,12176,12176,12176 ma=440,440,420,420,480,460
1786823436.135 2394.566 OK hwmon10 mv=12184,12176,12184,12176,12176,12176 ma=440,440,420,400,480,440
1786823436.244 2394.675 OK hwmon10 mv=12184,12176,12184,12176,12176,12176 ma=440,440,420,400,480,440
1786823436.345 2394.776 OK hwmon10 mv=12184,12176,12184,12176,12176,12176 ma=440,440,420,400,480,440
1786823436.455 2394.886 OK hwmon10 mv=12184,12176,12184,12176,12176,12176 ma=440,440,420,400,480,440
1786823436.556 2394.987 OK hwmon10 mv=12184,12176,12184,12176,12176,12176 ma=420,440,420,400,480,440
1786823436.667 2395.098 OK hwmon10 mv=12184,12176,12184,12176,12176,12176 ma=420,440,420,400,480,440
1786823436.767 2395.198 OK hwmon10 mv=12184,12176,12184,12176,12176,12176 ma=420,440,420,400,480,440
1786823436.873 2395.304 OK hwmon10 mv=12184,12176,12184,12176,12176,12176 ma=420,440,420,400,480,440
1786823436.973 2395.404 OK hwmon10 mv=12184,12176,12184,12176,12176,12176 ma=420,440,420,400,480,440
1786823437.084 2395.515 OK hwmon10 mv=12184,12176,12184,12176,12176,12176 ma=420,440,420,400,480,440
1786823437.185 2395.616 OK hwmon10 mv=12184,12176,12184,12176,12176,12176 ma=420,420,400,380,460,420
1786823437.293 2395.724 OK hwmon10 mv=12184,12176,12184,12176,12176,12176 ma=420,420,400,380,460,420
1786823437.393 2395.824 OK hwmon10 mv=12184,12176,12184,12176,12176,12176 ma=420,420,400,380,460,420
1786823437.504 2395.935 OK hwmon10 mv=12184,12176,12184,12176,12176,12176 ma=420,420,400,380,460,420
1786823437.605 2396.036 OK hwmon10 mv=12184,12176,12184,12176,12176,12176 ma=420,420,400,380,460,420
1786823437.715 2396.146 OK hwmon10 mv=12184,12176,12184,12176,12176,12176 ma=420,420,400,380,460,420
1786823437.815 2396.246 OK hwmon10 mv=12184,12176,12184,12176,12176,12176 ma=420,440,400,400,460,440
1786823437.926 2396.357 OK hwmon10 mv=12184,12176,12184,12176,12176,12176 ma=420,440,400,400,460,440
1786823438.026 2396.457 OK hwmon10 mv=12184,12176,12184,12176,12176,12176 ma=420,440,400,400,460,440
1786823438.137 2396.568 OK hwmon10 mv=12184,12176,12184,12176,12176,12176 ma=420,440,400,400,460,440
1786823438.237 2396.668 OK hwmon10 mv=12184,12176,12184,12176,12176,12176 ma=420,420,400,380,460,420
1786823438.346 2396.777 OK hwmon10 mv=12184,12176,12184,12176,12176,12176 ma=420,420,400,380,460,420
1786823438.446 2396.877 OK hwmon10 mv=12184,12176,12184,12176,12176,12176 ma=420,420,400,380,460,420
1786823438.554 2396.985 OK hwmon10 mv=12184,12176,12184,12176,12176,12176 ma=420,420,400,380,460,420
1786823438.654 2397.085 OK hwmon10 mv=12184,12176,12184,12176,12176,12176 ma=420,420,400,380,460,420
1786823438.762 2397.193 OK hwmon10 mv=12184,12176,12184,12176,12176,12176 ma=420,420,400,380,460,420
1786823438.863 2397.294 OK hwmon10 mv=12184,12176,12184,12176,12176,12176 ma=400,420,380,380,460,420
1786823438.973 2397.404 OK hwmon10 mv=12184,12176,12184,12176,12176,12176 ma=400,420,380,380,460,420
1786823439.073 2397.504 OK hwmon10 mv=12184,12176,12184,12176,12176,12176 ma=400,420,380,380,460,420
1786823439.180 2397.611 OK hwmon10 mv=12184,12176,12184,12176,12176,12176 ma=400,420,380,380,460,420
1786823439.280 2397.711 OK hwmon10 mv=12184,12176,12184,12176,12176,12176 ma=400,420,380,380,460,420
1786823439.393 2397.824 OK hwmon10 mv=12184,12176,12184,12176,12176,12176 ma=400,420,380,380,460,420
1786823439.494 2397.925 OK hwmon10 mv=12184,12176,12184,12176,12176,12176 ma=420,420,400,380,460,440
1786823439.604 2398.035 OK hwmon10 mv=12184,12176,12184,12176,12176,12176 ma=420,420,400,380,460,440
1786823439.705 2398.136 OK hwmon10 mv=12184,12176,12184,12176,12176,12176 ma=420,420,400,380,460,440
1786823439.815 2398.246 OK hwmon10 mv=12184,12176,12184,12176,12176,12176 ma=420,420,400,380,460,440
1786823439.915 2398.346 OK hwmon10 mv=12184,12176,12184,12176,12176,12176 ma=400,420,380,380,460,420
1786823440.025 2398.456 OK hwmon10 mv=12184,12176,12184,12176,12176,12176 ma=400,420,380,380,460,420
1786823440.126 2398.557 OK hwmon10 mv=12184,12176,12184,12176,12176,12176 ma=400,420,380,380,460,420
1786823440.234 2398.665 OK hwmon10 mv=12184,12176,12184,12176,12176,12176 ma=400,420,380,380,460,420
1786823440.334 2398.765 OK hwmon10 mv=12184,12176,12184,12176,12176,12176 ma=400,420,380,380,460,420
